Archive member included to satisfy reference by file (symbol)

c:/dev/gcc-arm-none-eabi/bin/../lib/gcc/arm-none-eabi/6.3.1/../../../../arm-none-eabi/lib/thumb/v7e-m/fpv4-sp/hard\libc_nano.a(lib_a-atof.o)
                              output\REVOLT\config.o (symbol from plugin) (atof)
c:/dev/gcc-arm-none-eabi/bin/../lib/gcc/arm-none-eabi/6.3.1/../../../../arm-none-eabi/lib/thumb/v7e-m/fpv4-sp/hard\libc_nano.a(lib_a-atoi.o)
                              output\REVOLT\config.o (symbol from plugin) (atoi)
c:/dev/gcc-arm-none-eabi/bin/../lib/gcc/arm-none-eabi/6.3.1/../../../../arm-none-eabi/lib/thumb/v7e-m/fpv4-sp/hard\libc_nano.a(lib_a-itoa.o)
                              output\REVOLT\spektrumTelemetry.o (symbol from plugin) (itoa)
c:/dev/gcc-arm-none-eabi/bin/../lib/gcc/arm-none-eabi/6.3.1/../../../../arm-none-eabi/lib/thumb/v7e-m/fpv4-sp/hard\libc_nano.a(lib_a-locale.o)
                              output\REVOLT\config.o (symbol from plugin) (__locale_ctype_ptr)
c:/dev/gcc-arm-none-eabi/bin/../lib/gcc/arm-none-eabi/6.3.1/../../../../arm-none-eabi/lib/thumb/v7e-m/fpv4-sp/hard\libc_nano.a(lib_a-mbtowc_r.o)
                              c:/dev/gcc-arm-none-eabi/bin/../lib/gcc/arm-none-eabi/6.3.1/../../../../arm-none-eabi/lib/thumb/v7e-m/fpv4-sp/hard\libc_nano.a(lib_a-locale.o) (__ascii_mbtowc)
c:/dev/gcc-arm-none-eabi/bin/../lib/gcc/arm-none-eabi/6.3.1/../../../../arm-none-eabi/lib/thumb/v7e-m/fpv4-sp/hard\libc_nano.a(lib_a-rand.o)
                              output\REVOLT\config.o (symbol from plugin) (rand)
c:/dev/gcc-arm-none-eabi/bin/../lib/gcc/arm-none-eabi/6.3.1/../../../../arm-none-eabi/lib/thumb/v7e-m/fpv4-sp/hard\libc_nano.a(lib_a-strcmp.o)
                              c:/dev/gcc-arm-none-eabi/bin/../lib/gcc/arm-none-eabi/6.3.1/../../../../arm-none-eabi/lib/thumb/v7e-m/fpv4-sp/hard\libc_nano.a(lib_a-locale.o) (strcmp)
c:/dev/gcc-arm-none-eabi/bin/../lib/gcc/arm-none-eabi/6.3.1/../../../../arm-none-eabi/lib/thumb/v7e-m/fpv4-sp/hard\libc_nano.a(lib_a-strtod.o)
                              c:/dev/gcc-arm-none-eabi/bin/../lib/gcc/arm-none-eabi/6.3.1/../../../../arm-none-eabi/lib/thumb/v7e-m/fpv4-sp/hard\libc_nano.a(lib_a-atof.o) (strtod)
c:/dev/gcc-arm-none-eabi/bin/../lib/gcc/arm-none-eabi/6.3.1/../../../../arm-none-eabi/lib/thumb/v7e-m/fpv4-sp/hard\libc_nano.a(lib_a-strtol.o)
                              c:/dev/gcc-arm-none-eabi/bin/../lib/gcc/arm-none-eabi/6.3.1/../../../../arm-none-eabi/lib/thumb/v7e-m/fpv4-sp/hard\libc_nano.a(lib_a-atoi.o) (_strtol_r)
c:/dev/gcc-arm-none-eabi/bin/../lib/gcc/arm-none-eabi/6.3.1/../../../../arm-none-eabi/lib/thumb/v7e-m/fpv4-sp/hard\libc_nano.a(lib_a-utoa.o)
                              c:/dev/gcc-arm-none-eabi/bin/../lib/gcc/arm-none-eabi/6.3.1/../../../../arm-none-eabi/lib/thumb/v7e-m/fpv4-sp/hard\libc_nano.a(lib_a-itoa.o) (__utoa)
c:/dev/gcc-arm-none-eabi/bin/../lib/gcc/arm-none-eabi/6.3.1/../../../../arm-none-eabi/lib/thumb/v7e-m/fpv4-sp/hard\libc_nano.a(lib_a-wctomb_r.o)
                              c:/dev/gcc-arm-none-eabi/bin/../lib/gcc/arm-none-eabi/6.3.1/../../../../arm-none-eabi/lib/thumb/v7e-m/fpv4-sp/hard\libc_nano.a(lib_a-locale.o) (__ascii_wctomb)
c:/dev/gcc-arm-none-eabi/bin/../lib/gcc/arm-none-eabi/6.3.1/../../../../arm-none-eabi/lib/thumb/v7e-m/fpv4-sp/hard\libc_nano.a(lib_a-ctype_.o)
                              c:/dev/gcc-arm-none-eabi/bin/../lib/gcc/arm-none-eabi/6.3.1/../../../../arm-none-eabi/lib/thumb/v7e-m/fpv4-sp/hard\libc_nano.a(lib_a-locale.o) (_ctype_)
c:/dev/gcc-arm-none-eabi/bin/../lib/gcc/arm-none-eabi/6.3.1/../../../../arm-none-eabi/lib/thumb/v7e-m/fpv4-sp/hard\libc_nano.a(lib_a-gdtoa-gethex.o)
                              c:/dev/gcc-arm-none-eabi/bin/../lib/gcc/arm-none-eabi/6.3.1/../../../../arm-none-eabi/lib/thumb/v7e-m/fpv4-sp/hard\libc_nano.a(lib_a-strtod.o) (__gethex)
c:/dev/gcc-arm-none-eabi/bin/../lib/gcc/arm-none-eabi/6.3.1/../../../../arm-none-eabi/lib/thumb/v7e-m/fpv4-sp/hard\libc_nano.a(lib_a-gdtoa-hexnan.o)
                              c:/dev/gcc-arm-none-eabi/bin/../lib/gcc/arm-none-eabi/6.3.1/../../../../arm-none-eabi/lib/thumb/v7e-m/fpv4-sp/hard\libc_nano.a(lib_a-strtod.o) (__match)
c:/dev/gcc-arm-none-eabi/bin/../lib/gcc/arm-none-eabi/6.3.1/../../../../arm-none-eabi/lib/thumb/v7e-m/fpv4-sp/hard\libc_nano.a(lib_a-impure.o)
                              c:/dev/gcc-arm-none-eabi/bin/../lib/gcc/arm-none-eabi/6.3.1/../../../../arm-none-eabi/lib/thumb/v7e-m/fpv4-sp/hard\libc_nano.a(lib_a-locale.o) (_impure_ptr)
c:/dev/gcc-arm-none-eabi/bin/../lib/gcc/arm-none-eabi/6.3.1/../../../../arm-none-eabi/lib/thumb/v7e-m/fpv4-sp/hard\libc_nano.a(lib_a-localeconv.o)
                              c:/dev/gcc-arm-none-eabi/bin/../lib/gcc/arm-none-eabi/6.3.1/../../../../arm-none-eabi/lib/thumb/v7e-m/fpv4-sp/hard\libc_nano.a(lib_a-strtod.o) (__localeconv_l)
c:/dev/gcc-arm-none-eabi/bin/../lib/gcc/arm-none-eabi/6.3.1/../../../../arm-none-eabi/lib/thumb/v7e-m/fpv4-sp/hard\libc_nano.a(lib_a-malloc.o)
[...]
Memory Configuration

Name             Origin             Length             Attributes
FLASH            0x08020000         0x000c0000         xr
RAM              0x20000000         0x00020000         xrw
MEMORY_B1        0x60000000         0x00000000         xr
*default*        0x00000000         0xffffffff

Linker script and memory map

LOAD output\REVOLT\general_functions.o
LOAD C:\Users\PRESTO~1\AppData\Local\Temp\cc3x6Wri.ltrans0.ltrans.o
LOAD C:\Users\PRESTO~1\AppData\Local\Temp\cc3x6Wri.ltrans1.ltrans.o
LOAD C:\Users\PRESTO~1\AppData\Local\Temp\cc3x6Wri.ltrans2.ltrans.o
LOAD C:\Users\PRESTO~1\AppData\Local\Temp\cc3x6Wri.ltrans3.ltrans.o
LOAD C:\Users\PRESTO~1\AppData\Local\Temp\cc3x6Wri.ltrans4.ltrans.o
LOAD C:\Users\PRESTO~1\AppData\Local\Temp\cc3x6Wri.ltrans5.ltrans.o
LOAD C:\Users\PRESTO~1\AppData\Local\Temp\cc3x6Wri.ltrans6.ltrans.o
LOAD C:\Users\PRESTO~1\AppData\Local\Temp\cc3x6Wri.ltrans7.ltrans.o
LOAD C:\Users\PRESTO~1\AppData\Local\Temp\cc3x6Wri.ltrans8.ltrans.o
LOAD C:\Users\PRESTO~1\AppData\Local\Temp\cc3x6Wri.ltrans9.ltrans.o
LOAD C:\Users\PRESTO~1\AppData\Local\Temp\cc3x6Wri.ltrans10.ltrans.o
LOAD C:\Users\PRESTO~1\AppData\Local\Temp\cc3x6Wri.ltrans11.ltrans.o
LOAD C:\Users\PRESTO~1\AppData\Local\Temp\cc3x6Wri.ltrans12.ltrans.o
LOAD C:\Users\PRESTO~1\AppData\Local\Temp\cc3x6Wri.ltrans13.ltrans.o
LOAD C:\Users\PRESTO~1\AppData\Local\Temp\cc3x6Wri.ltrans14.ltrans.o
LOAD C:\Users\PRESTO~1\AppData\Local\Temp\cc3x6Wri.ltrans15.ltrans.o
LOAD C:\Users\PRESTO~1\AppData\Local\Temp\cc3x6Wri.ltrans16.ltrans.o
LOAD C:\Users\PRESTO~1\AppData\Local\Temp\cc3x6Wri.ltrans17.ltrans.o
LOAD C:\Users\PRESTO~1\AppData\Local\Temp\cc3x6Wri.ltrans18.ltrans.o
LOAD C:\Users\PRESTO~1\AppData\Local\Temp\cc3x6Wri.ltrans19.ltrans.o
LOAD C:\Users\PRESTO~1\AppData\Local\Temp\cc3x6Wri.ltrans20.ltrans.o
LOAD C:\Users\PRESTO~1\AppData\Local\Temp\cc3x6Wri.ltrans21.ltrans.o
LOAD C:\Users\PRESTO~1\AppData\Local\Temp\cc3x6Wri.ltrans22.ltrans.o
LOAD C:\Users\PRESTO~1\AppData\Local\Temp\cc3x6Wri.ltrans23.ltrans.o
LOAD C:\Users\PRESTO~1\AppData\Local\Temp\cc3x6Wri.ltrans24.ltrans.o
LOAD C:\Users\PRESTO~1\AppData\Local\Temp\cc3x6Wri.ltrans25.ltrans.o
LOAD C:\Users\PRESTO~1\AppData\Local\Temp\cc3x6Wri.ltrans26.ltrans.o
LOAD C:\Users\PRESTO~1\AppData\Local\Temp\cc3x6Wri.ltrans27.ltrans.o
LOAD C:\Users\PRESTO~1\AppData\Local\Temp\cc3x6Wri.ltrans28.ltrans.o
LOAD C:\Users\PRESTO~1\AppData\Local\Temp\cc3x6Wri.ltrans29.ltrans.o
LOAD C:\Users\PRESTO~1\AppData\Local\Temp\cc3x6Wri.ltrans30.ltrans.o
LOAD C:\Users\PRESTO~1\AppData\Local\Temp\cc3x6Wri.ltrans31.ltrans.o
LOAD output\REVOLT\boarddef.o
LOAD output\REVOLT\flash.o
LOAD output\REVOLT\stm32f4.o
LOAD output\REVOLT\stm32f4xx_hal_msp.o
LOAD output\REVOLT\stm32f4xx_hal_tim_msp.o
LOAD output\REVOLT\stm32f4xx_it.o
LOAD output\REVOLT\stm32f4xx_spi_msp.o
LOAD output\REVOLT\system_stm32f4xx.o
LOAD output\REVOLT\config.o
LOAD output\REVOLT\debug.o
LOAD output\REVOLT\exti.o
LOAD output\REVOLT\filter.o
LOAD output\REVOLT\flight.o
LOAD output\REVOLT\flight_logger.o
LOAD output\REVOLT\imu.o
LOAD output\REVOLT\learning.o
LOAD output\REVOLT\main.o
LOAD output\REVOLT\mixer.o
LOAD output\REVOLT\modes.o
LOAD output\REVOLT\newSoftSerial.o
LOAD output\REVOLT\pid.o
LOAD output\REVOLT\quopa.o
LOAD output\REVOLT\rfbl_functions.o
LOAD output\REVOLT\rf_math.o
LOAD output\REVOLT\scheduler.o
LOAD output\REVOLT\watchdog.o
LOAD output\REVOLT\wizard.o
LOAD output\REVOLT\stm32f4xx_hal.o
LOAD output\REVOLT\stm32f4xx_hal_adc.o
LOAD output\REVOLT\stm32f4xx_hal_adc_ex.o
LOAD output\REVOLT\stm32f4xx_hal_can.o
LOAD output\REVOLT\stm32f4xx_hal_cec.o
LOAD output\REVOLT\stm32f4xx_hal_cortex.o
LOAD output\REVOLT\stm32f4xx_hal_crc.o
LOAD output\REVOLT\stm32f4xx_hal_cryp.o
LOAD output\REVOLT\stm32f4xx_hal_cryp_ex.o
LOAD output\REVOLT\stm32f4xx_hal_dac.o
LOAD output\REVOLT\stm32f4xx_hal_dac_ex.o
LOAD output\REVOLT\stm32f4xx_hal_dcmi.o
LOAD output\REVOLT\stm32f4xx_hal_dcmi_ex.o
LOAD output\REVOLT\stm32f4xx_hal_dfsdm.o
LOAD output\REVOLT\stm32f4xx_hal_dma.o
LOAD output\REVOLT\stm32f4xx_hal_dma2d.o
LOAD output\REVOLT\stm32f4xx_hal_dma_ex.o
LOAD output\REVOLT\stm32f4xx_hal_dsi.o
LOAD output\REVOLT\stm32f4xx_hal_eth.o
LOAD output\REVOLT\stm32f4xx_hal_flash.o
LOAD output\REVOLT\stm32f4xx_hal_flash_ex.o
LOAD output\REVOLT\stm32f4xx_hal_flash_ramfunc.o
LOAD output\REVOLT\stm32f4xx_hal_fmpi2c.o
LOAD output\REVOLT\stm32f4xx_hal_fmpi2c_ex.o
LOAD output\REVOLT\stm32f4xx_hal_gpio.o
LOAD output\REVOLT\stm32f4xx_hal_hash.o
LOAD output\REVOLT\stm32f4xx_hal_hash_ex.o
LOAD output\REVOLT\stm32f4xx_hal_hcd.o
LOAD output\REVOLT\stm32f4xx_hal_i2c.o
LOAD output\REVOLT\stm32f4xx_hal_i2c_ex.o
LOAD output\REVOLT\stm32f4xx_hal_i2s.o
LOAD output\REVOLT\stm32f4xx_hal_i2s_ex.o
LOAD output\REVOLT\stm32f4xx_hal_irda.o
LOAD output\REVOLT\stm32f4xx_hal_iwdg.o
LOAD output\REVOLT\stm32f4xx_hal_lptim.o
LOAD output\REVOLT\stm32f4xx_hal_ltdc.o
LOAD output\REVOLT\stm32f4xx_hal_ltdc_ex.o
LOAD output\REVOLT\stm32f4xx_hal_nand.o
LOAD output\REVOLT\stm32f4xx_hal_nor.o
LOAD output\REVOLT\stm32f4xx_hal_pccard.o
LOAD output\REVOLT\stm32f4xx_hal_pcd.o
LOAD output\REVOLT\stm32f4xx_hal_pcd_ex.o
LOAD output\REVOLT\stm32f4xx_hal_pwr.o
LOAD output\REVOLT\stm32f4xx_hal_pwr_ex.o
LOAD output\REVOLT\stm32f4xx_hal_qspi.o
LOAD output\REVOLT\stm32f4xx_hal_rcc.o
LOAD output\REVOLT\stm32f4xx_hal_rcc_ex.o
LOAD output\REVOLT\stm32f4xx_hal_rng.o
LOAD output\REVOLT\stm32f4xx_hal_rtc.o
LOAD output\REVOLT\stm32f4xx_hal_rtc_ex.o
LOAD output\REVOLT\stm32f4xx_hal_sai.o
LOAD output\REVOLT\stm32f4xx_hal_sai_ex.o
LOAD output\REVOLT\stm32f4xx_hal_sd.o
LOAD output\REVOLT\stm32f4xx_hal_sdram.o
LOAD output\REVOLT\stm32f4xx_hal_smartcard.o
LOAD output\REVOLT\stm32f4xx_hal_spdifrx.o
LOAD output\REVOLT\stm32f4xx_hal_spi.o
LOAD output\REVOLT\stm32f4xx_hal_sram.o
LOAD output\REVOLT\stm32f4xx_hal_tim.o
LOAD output\REVOLT\stm32f4xx_hal_tim_ex.o
LOAD output\REVOLT\stm32f4xx_hal_uart.o
LOAD output\REVOLT\stm32f4xx_hal_usart.o
LOAD output\REVOLT\stm32f4xx_hal_wwdg.o
LOAD output\REVOLT\stm32f4xx_ll_fmc.o
LOAD output\REVOLT\stm32f4xx_ll_fsmc.o
LOAD output\REVOLT\stm32f4xx_ll_sdmmc.o
LOAD output\REVOLT\stm32f4xx_ll_usb.o
LOAD output\REVOLT\crossfire.o
LOAD output\REVOLT\dshotTwoWay.o
LOAD output\REVOLT\mspTelemetry.o
LOAD output\REVOLT\rfosdTelemetry.o
LOAD output\REVOLT\rfVtx.o
LOAD output\REVOLT\smartAudio.o
LOAD output\REVOLT\spektrumTelemetry.o
LOAD output\REVOLT\sPortTelemetry.o
LOAD output\REVOLT\telemetry.o
LOAD output\REVOLT\trampTelemetry.o
LOAD output\REVOLT\gyro.o
LOAD output\REVOLT\usbd_core.o
LOAD output\REVOLT\usbd_ctlreq.o
LOAD output\REVOLT\usbd_ioreq.o
LOAD output\REVOLT\usbd_hid.o
LOAD output\REVOLT\usbd_desc.o
LOAD output\REVOLT\usb_device.o
LOAD output\REVOLT\usbd_conf.o
LOAD output\REVOLT\startup_stm32f405xx.o
LOAD output\REVOLT\adc.o
LOAD output\REVOLT\transponder.o
LOAD output\REVOLT\softSerial.o
LOAD output\REVOLT\maxOsd.o
LOAD output\REVOLT\esc_1wire.o
LOAD output\REVOLT\leds.o
LOAD output\REVOLT\softPwm.o
LOAD output\REVOLT\dmaShenanigans.o
LOAD output\REVOLT\actuator_output.o
LOAD output\REVOLT\buzzer.o
LOAD output\REVOLT\flash_chip.o
LOAD output\REVOLT\invensense_mpu_icm_device.o
LOAD output\REVOLT\invensense_bus_spi.o
LOAD output\REVOLT\rx.o
LOAD output\REVOLT\serial.o
LOAD output\REVOLT\spm_laptimer.o
LOAD output\REVOLT\arm_mat_add_f32.o
LOAD output\REVOLT\arm_mat_init_f32.o
LOAD output\REVOLT\arm_mat_mult_f32.o
LOAD output\REVOLT\arm_mat_sub_f32.o
LOAD output\REVOLT\arm_mat_trans_f32.o
LOAD output\REVOLT\arm_mat_inverse_f32.o
LOAD output\REVOLT\arm_common_tables.o
LOAD output\REVOLT\arm_cos_f32.o
LOAD output\REVOLT\arm_sin_f32.o
LOAD output\REVOLT\arm_fir_init_f32.o
LOAD output\REVOLT\arm_fir_f32.o
LOAD c:/dev/gcc-arm-none-eabi/bin/../lib/gcc/arm-none-eabi/6.3.1/../../../../arm-none-eabi/lib/thumb/v7e-m/fpv4-sp/hard\libm.a
LOAD c:/dev/gcc-arm-none-eabi/bin/../lib/gcc/arm-none-eabi/6.3.1/../../../../arm-none-eabi/lib/thumb/v7e-m/fpv4-sp/hard\libc_nano.a
LOAD c:/dev/gcc-arm-none-eabi/bin/../lib/gcc/arm-none-eabi/6.3.1/../../../../arm-none-eabi/lib/thumb/v7e-m/fpv4-sp/hard\libnosys.a
START GROUP
LOAD c:/dev/gcc-arm-none-eabi/bin/../lib/gcc/arm-none-eabi/6.3.1/thumb/v7e-m/fpv4-sp/hard\libgcc.a
LOAD c:/dev/gcc-arm-none-eabi/bin/../lib/gcc/arm-none-eabi/6.3.1/../../../../arm-none-eabi/lib/thumb/v7e-m/fpv4-sp/hard\libc_nano.a
END GROUP
START GROUP
LOAD c:/dev/gcc-arm-none-eabi/bin/../lib/gcc/arm-none-eabi/6.3.1/thumb/v7e-m/fpv4-sp/hard\libgcc.a
LOAD c:/dev/gcc-arm-none-eabi/bin/../lib/gcc/arm-none-eabi/6.3.1/../../../../arm-none-eabi/lib/thumb/v7e-m/fpv4-sp/hard\libc_nano.a
END GROUP
                0x00000000                _Min_Heap_Size = 0x0
                0x00000400                _Min_Stack_Size = 0x400
                0x20020000                _estack = (ORIGIN (RAM) + LENGTH (RAM))

.text           0x08020000    0x4266c
                [!provide]                PROVIDE (isr_vector_table_base, .)
 *(.isr_vector)
 .isr_vector    0x08020000      0x188 output\REVOLT\startup_stm32f405xx.o
                0x08020000                g_pfnVectors
                0x08020188                . = ALIGN (0x4)
 *(.text)
 .text          0x08020188     0x3294 C:\Users\PRESTO~1\AppData\Local\Temp\cc3x6Wri.ltrans0.ltrans.o
                0x08020188                ArmBoard
                0x08020258                EXTI_Init
                0x08020548                newftoa.part.1
                0x0802067c                SendRfCustomReplyBuffer
                0x08020778                RfCustomReplyBuffer
                0x080207b8                SaveAndSend
                0x0802085c                StripSpaces
                0x0802089c                GenerateConfig
                0x0802098c                DoIdleStop.lto_priv.208
                0x08020a14                SystemInit
                0x08020a64                SPI3_IRQHandler
                0x08020b98                SPI2_IRQHandler
                0x08020cc8                SPI1_IRQHandler
                0x08020ddc                ADC_IRQHandler
                0x08020f28                EXTI15_10_IRQHandler
                0x08020f3c                EXTI9_5_IRQHandler
                0x08020f50                EXTI4_IRQHandler
                0x08020f64                EXTI3_IRQHandler
                0x08020f78                EXTI2_IRQHandler
                0x08020f8c                EXTI1_IRQHandler
                0x08020fa0                EXTI0_IRQHandler
                0x08020fb4                DMA2_Stream7_IRQHandler
                0x08020fe4                DMA2_Stream6_IRQHandler
                0x08021014                DMA2_Stream5_IRQHandler
                0x08021044                DMA2_Stream4_IRQHandler
                0x08021074                DMA2_Stream3_IRQHandler
                0x080210a4                DMA2_Stream2_IRQHandler
                0x080210d4                DMA2_Stream1_IRQHandler
                0x08021104                DMA2_Stream0_IRQHandler
                0x08021134                DMA1_Stream7_IRQHandler
                0x08021164                DMA1_Stream6_IRQHandler
                0x08021194                DMA1_Stream5_IRQHandler
                0x080211c4                DMA1_Stream4_IRQHandler
                0x080211f4                DMA1_Stream3_IRQHandler
                0x08021224                DMA1_Stream2_IRQHandler
                0x08021254                DMA1_Stream1_IRQHandler
                0x08021284                DMA1_Stream0_IRQHandler
                0x080212b4                TIM1_BRK_TIM9_IRQHandler
                0x080212c8                TIM7_IRQHandler
                0x080212dc                TIM6_DAC_IRQHandler
                0x080212f0                TIM5_IRQHandler
                0x08021304                TIM1_CC_IRQHandler
                0x08021318                TIM1_UP_TIM10_IRQHandler
                0x0802132c                OTG_FS_IRQHandler
                0x080225cc                SysTick_Handler
                0x080225ec                PendSV_Handler
                0x080225f0                DebugMon_Handler
                0x080225f4                SVC_Handler
                0x080225f8                UsageFault_Handler
                0x08022600                BusFault_Handler
                0x08022608                MemManage_Handler
                0x08022610                HardFault_Handler
                0x08022618                NMI_Handler
                0x0802261c                StartSystemClocks.lto_priv.266
                0x08022898                USBInit
                0x080228fc                GetBoardHardwareDefs
                0x08023270                GetExtinFromPin
                0x080232ec                InitializeGpio
                0x08023368                RtcWriteBackupRegister
                0x080233a8                Micros
                0x080233f0                NVIC_SystemReset.lto_priv.213
                0x08023414                SystemReset
 .text          0x0802341c     0x4718 C:\Users\PRESTO~1\AppData\Local\Temp\cc3x6Wri.ltrans1.ltrans.o
                0x0802341c                ProcessCommand.constprop.35
 .text          0x08027b34     0x3de8 C:\Users\PRESTO~1\AppData\Local\Temp\cc3x6Wri.ltrans2.ltrans.o
                0x08028774                InitFlight
                0x0802b80c                DeinitFlight
                0x0802b8c8                DisarmBoard
 .text          0x0802b91c     0x3518 C:\Users\PRESTO~1\AppData\Local\Temp\cc3x6Wri.ltrans4.ltrans.o
                0x0802b91c                InlineFlightCode.constprop.20
 .text          0x0802ee34     0x14d0 C:\Users\PRESTO~1\AppData\Local\Temp\cc3x6Wri.ltrans5.ltrans.o
                0x0802ef0c                SPI_TxISR_16BIT.lto_priv.227
                0x0802ef34                SPI_TxISR_8BIT.lto_priv.228
                0x0802ef5c                SPI_DMAAbortOnError.lto_priv.279
                0x0802ef68                SPI_DMAError.lto_priv.224
                0x0802ef84                SPI_DMAHalfReceiveCplt.lto_priv.220
                0x0802ef88                SPI_DMAHalfTransmitReceiveCplt.lto_priv.222
                0x0802ef8c                SPI_DMATransmitReceiveCplt.lto_priv.223
                0x0802f02c                SPI_DMAReceiveCplt.lto_priv.221
                0x0802f070                HAL_SPI_TransmitReceive.part.2
                0x0802f3a4                HAL_SPI_Transmit.part.1
                0x0802f648                HAL_PCD_EP_SetStall
                0x0802f70c                HAL_GPIO_DeInit
                0x0802f85c                HAL_SPI_DeInit
                0x0802fa80                HAL_SPI_Init
                0x0802ff30                HAL_GPIO_Init
                0x0803015c                HAL_DMA_IRQHandler
 .text          0x08030304     0x20d4 C:\Users\PRESTO~1\AppData\Local\Temp\cc3x6Wri.ltrans6.ltrans.o
                0x08030304                sendSpektrumTelem
                0x08031670                SmartAudioVtxTurnOn.part.3
                0x08031670                SmartAudioVtxTurnPit.part.4
                0x080316f4                SmartAudioGetSettings.part.1
                0x08031968                InitSmartAudio.part.2
                0x08031a88                DeInitSmartAudio
                0x08031d74                HandleRfOsd.part.0
                0x080322fc                InitRfOsd
 .text          0x080323d8     0x1bf8 C:\Users\PRESTO~1\AppData\Local\Temp\cc3x6Wri.ltrans7.ltrans.o
                0x080323d8                ADC_DMAError.lto_priv.270
                0x080323e8                ADC_DMAHalfConvCplt.lto_priv.269
                0x080323ec                ADC_DMAConvCplt.lto_priv.268
                0x08032444                HAL_DMA_Start_IT
                0x080324c8                HAL_DMA_Init
                0x080325fc                HAL_NVIC_SetPriority
                0x08032668                HAL_Delay
                0x08032684                OneWire
 .text          0x08033fd0     0x26e8 C:\Users\PRESTO~1\AppData\Local\Temp\cc3x6Wri.ltrans8.ltrans.o
                0x08033fd0                UART_DMAError.lto_priv.207
                0x08034034                UART_DMATxHalfCplt.lto_priv.206
                0x08034038                UART_DMARxHalfCplt.lto_priv.215
                0x0803403c                UART_DMATransmitCplt.lto_priv.205
                0x08034080                UART_DMAReceiveCplt.lto_priv.214
                0x08035bb0                USB_FlushRxFifo
                0x08035bd0                USB_FlushTxFifo
                0x08035bf4                USB_DisableGlobalInt
                0x08035c04                USB_EnableGlobalInt
                0x08035c14                UART_SetConfig.lto_priv.216
                0x0803604c                HAL_UART_Transmit_DMA
                0x080360c4                HAL_TIMEx_PWMN_Start_DMA
                0x080361c4                HAL_TIM_PWM_Start_DMA.part.14
                0x080362b0                HAL_TIM_PWM_ConfigChannel.part.11
                0x080364bc                TIM_Base_SetConfig
                0x080365a0                HAL_TIM_PWM_Start_DMA
 .text          0x080366b8      0xd7c C:\Users\PRESTO~1\AppData\Local\Temp\cc3x6Wri.ltrans9.ltrans.o
                0x080366b8                NewSoftSerialExtiCallback
                0x08036738                NewSoftSerialTimerCallback
                0x080367e8                HandleDshotBeep.part.1
                0x08036de0                NewProcessSoftSerialBits
                0x08036fa0                SendSoftSerialByteBlocking
                0x0803718c                PrintModes
                0x08037288                CheckRxToModes
                0x08037380                PrintTpaCurves
 .text          0x08037434      0xe5c C:\Users\PRESTO~1\AppData\Local\Temp\cc3x6Wri.ltrans10.ltrans.o
                0x08037434                USBD_HID_Setup.lto_priv.253
                0x08037574                USBD_HID_DeInit.lto_priv.252
                0x08037608                USBD_HID_Init.lto_priv.251
                0x08037834                USBD_CtlSendStatus
                0x080378c4                InlineApplyGyroAccRotationAndScale
                0x08037c54                TrampSendCommand.lto_priv.210
                0x0803811c                TrampGetSettings.part.2
 .text          0x08038290      0xf38 C:\Users\PRESTO~1\AppData\Local\Temp\cc3x6Wri.ltrans11.ltrans.o
                0x08038290                DoLed.constprop.140
                0x080382c4                USBD_LL_StallEP.constprop.120
                0x08038350                USBD_LL_StallEP.constprop.119
                0x080383e8                InitGeneralInterruptTimer.constprop.100
                0x08038668                InitBlockingSoftSerialPort.constprop.99
                0x08038890                InitSoftSerialTimer.constprop.96
                0x08038ac4                SendSoftSerialBlocking.constprop.94
                0x08038bcc                ReceiveSoftSerialBlocking.constprop.92
                0x08038f88                HAL_SPI_Receive.part.3.constprop.89
                0x08039088                HAL_ADC_ConfigChannel.constprop.81
 .text          0x080391c8      0xe6c C:\Users\PRESTO~1\AppData\Local\Temp\cc3x6Wri.ltrans12.ltrans.o
                0x08039274                USBD_FS_InterfaceStrDescriptor
                0x08039300                USBD_FS_ConfigStrDescriptor
                0x0803938c                USBD_FS_SerialStrDescriptor
                0x0803949c                USBD_FS_ManufacturerStrDescriptor
                0x080394e8                USBD_FS_ProductStrDescriptor
                0x08039574                USBD_FS_LangIDStrDescriptor
                0x08039580                USBD_FS_DeviceDescriptor
                0x0803958c                USBD_HID_GetDeviceQualifierDesc.lto_priv.257
                0x08039598                USBD_HID_DataIn.lto_priv.254
                0x080395a4                USBD_HID_GetCfgDesc.lto_priv.256
                0x080396d8                USBD_HID_DataOut.lto_priv.255
                0x08039760                CheckForVideoSignal.part.3
                0x08039b54                DrawScreen.part.0.lto_priv.211
                0x08039cb0                PutSoftSerialActuatorInSendState.lto_priv.202
                0x08039eac                SoftSerialSendReceiveBlocking
 .text          0x0803a034      0xcb8 C:\Users\PRESTO~1\AppData\Local\Temp\cc3x6Wri.ltrans13.ltrans.o
                0x0803a034                MaxSendReceiveCommand.isra.1.constprop.71
                0x0803a0e8                SaveConfig.constprop.68
                0x0803a38c                ProcessSoftSerialLineIdle.constprop.59
                0x0803a608                SoftSerialSendReceiveBlocking.constprop.58
                0x0803aaa8                SoftSerialSendReceiveBlocking.constprop.57
                0x0803abd8                SetMode.constprop.54
 .text          0x0803acec      0xf9c C:\Users\PRESTO~1\AppData\Local\Temp\cc3x6Wri.ltrans14.ltrans.o
                0x0803acec                SportSoftSerialDmaCallback
                0x0803ad88                SportSoftSerialExtiCallback
                0x0803af9c                TrampGetSettings
                0x0803b0ac                InitTrampTelemetry
                0x0803b190                VtxPower
                0x0803b474                VtxBandChannel
                0x0803b730                VtxTurnOn
                0x0803b93c                PutSportIntoSendState.isra.3.lto_priv.259
                0x0803ba6c                InitAllSport
 .text          0x0803bc88     0x2278 C:\Users\PRESTO~1\AppData\Local\Temp\cc3x6Wri.ltrans15.ltrans.o
                0x0803bc88                USB_WritePacket
                0x0803bcb4                InitMsp
                0x0803bd7c                SendMspBoxIds
                0x0803c194                SendMspStatus
                0x0803c60c                SendMspAnalog
                0x0803ca94                SendMspAttitude
                0x0803cf20                CommandToDshot
                0x0803cf40                SendCrsfTelem
                0x0803db78                USB_CoreReset.lto_priv.196
                0x0803dbac                USB_EP0StartXfer
                0x0803dcb4                USB_EPStartXfer
                0x0803de70                USB_ActivateEndpoint
 .text          0x0803df00     0x13e0 C:\Users\PRESTO~1\AppData\Local\Temp\cc3x6Wri.ltrans16.ltrans.o
                0x0803df00                InitOutputForDma.isra.1.lto_priv.229
                0x0803e42c                DeInitAllowedSoftOutputs
                0x0803e540                IsDshotEnabled
                0x0803e560                OutputDDShotDma
                0x0803e66c                DoLed.part.0
                0x0803e694                HandleCoolLeds.lto_priv.265
                0x0803e730                LedModeKnightRider.lto_priv.264
                0x0803e978                LedModeMultiParty.lto_priv.263
                0x0803eaac                LedModeMultiDisco.lto_priv.262
                0x0803eb2c                LedModeParty.lto_priv.261
                0x0803ebfc                LedModeDisco.lto_priv.260
                0x0803ec7c                ProcessEEprom.isra.0.lto_priv.230
                0x0803f16c                OneWireDeinit
 .text          0x0803f2e0      0xbec C:\Users\PRESTO~1\AppData\Local\Temp\cc3x6Wri.ltrans17.ltrans.o
                0x0803f2e0                GetLatestPersistance.lto_priv.276
                0x0803f504                FindLatestPersistance.lto_priv.277
                0x0803f790                SpiInit.lto_priv.273
                0x0803fad8                M25p16ReadIdSetFlashRecord.lto_priv.278
                0x0803fd94                ComplexBuzz
 .text          0x0803fecc      0x884 C:\Users\PRESTO~1\AppData\Local\Temp\cc3x6Wri.ltrans18.ltrans.o
                0x0803fecc                WriteEnableDataFlash
                0x08040210                SavePersistance
                0x08040574                EraseSingleSector.lto_priv.226
 .text          0x08040750     0x1100 C:\Users\PRESTO~1\AppData\Local\Temp\cc3x6Wri.ltrans19.ltrans.o
                0x08040750                BuildKiModel.part.0.lto_priv.275
                0x08040a0c                UpdateImu
                0x08041534                BlackboxWriteUnsignedVB
 .text          0x08041850     0x108c C:\Users\PRESTO~1\AppData\Local\Temp\cc3x6Wri.ltrans20.ltrans.o
                0x08041850                DisconnectBLHeli.lto_priv.236
                0x0804189c                WriteFlashSiLabsBLHeli.lto_priv.238
                0x08041d00                WriteEEpromSiLabsBLHeli.lto_priv.240
                0x08041d3c                EepromEraseSiLabsBLHeli.lto_priv.242
                0x08041df8                PageEraseSiLabsBLHeli.lto_priv.241
                0x08041fe4                ReadFlashSiLabsBLHeli.lto_priv.237
                0x08042270                ReadEEpromSiLabsBLHeli.lto_priv.239
                0x08042338                OneWireSaveConfig
                0x08042640                HandleMaxOsd.part.6
 .text          0x080428dc     0x117c C:\Users\PRESTO~1\AppData\Local\Temp\cc3x6Wri.ltrans21.ltrans.o
                0x080428f8                DoBuzz.constprop.16
                0x08042928                UsartDeInit
                0x08042bc8                DeInitBoardUsarts
                0x08043060                UsartInit
 .text          0x08043a58     0x17b0 C:\Users\PRESTO~1\AppData\Local\Temp\cc3x6Wri.ltrans22.ltrans.o
                0x08043a58                SendSmartPort
                0x08044640                SmartPortCreatePacket.lto_priv.258
                0x08044730                FillLuaPacket
                0x080448c8                GenerateMenus
 .text          0x08045208      0xc90 C:\Users\PRESTO~1\AppData\Local\Temp\cc3x6Wri.ltrans23.ltrans.o
                0x08045208                GyroRxDmaCallback
                0x080453e4                GyroExtiCallback
                0x08045508                FlashDmaRxCallback
                0x08045578                AccGyroWriteRegister
                0x08045648                SPI_Init.lto_priv.267
                0x08045dec                ResetPersistance
 .text          0x08045e98      0xd90 C:\Users\PRESTO~1\AppData\Local\Temp\cc3x6Wri.ltrans24.ltrans.o
                0x08045e98                IdleActuator
                0x08045fac                ZeroActuators
                0x080460e8                InitActuators
                0x08046888                DeInitActuators
                0x080469b0                InitWs2812.part.2
 .text          0x08046c28     0x1008 C:\Users\PRESTO~1\AppData\Local\Temp\cc3x6Wri.ltrans25.ltrans.o
                0x08046c28                InlineCollectRcCommand
                0x08047130                RxUpdate
                0x080475a8                PpmExtiCallback
                0x080479a8                AccGyroDMAReadWriteData.part.3
                0x08047af0                AccGyroVerifyWriteRegister
 .text          0x08047c30     0x117c C:\Users\PRESTO~1\AppData\Local\Temp\cc3x6Wri.ltrans26.ltrans.o
                0x08047df8                GeneralInterruptTimerCallback
                0x08047f50                InitWatchdog
                0x0804801c                HandleWizRc
                0x08048a94                ErrorHandler
                0x08048d9c                CRC4_12
 .text          0x08048dac      0x944 C:\Users\PRESTO~1\AppData\Local\Temp\cc3x6Wri.ltrans27.ltrans.o
                0x08048dac                HAL_RCC_OscConfig.constprop.155
                0x0804904c                OutputSerialDmaByte.constprop.152
                0x08049204                OutputSerialDmaByte.constprop.150
                0x080493e0                OutputSerialDmaByte.constprop.149
                0x08049604                ThrottleToDshot.constprop.144
                0x080496a8                DoLed.constprop.141
 .text          0x080496f0      0xa04 C:\Users\PRESTO~1\AppData\Local\Temp\cc3x6Wri.ltrans28.ltrans.o
                0x080496f0                HAL_GPIO_Init.constprop.186
                0x08049764                HAL_GPIO_Init.constprop.184
                0x080498f8                HAL_GPIO_Init.constprop.183
                0x0804998c                HAL_PCD_Init.constprop.181
                0x08049f48                InitializeGpio.constprop.173
                0x08049fbc                FLASH_WaitForLastOperation.constprop.167
                0x0804a0a8                HAL_InitTick.constprop.158
 .text          0x0804a0f4      0x88c C:\Users\PRESTO~1\AppData\Local\Temp\cc3x6Wri.ltrans29.ltrans.o
                0x0804a0f4                OutputActuators.constprop.53
 .text          0x0804a980      0x284 C:\Users\PRESTO~1\AppData\Local\Temp\cc3x6Wri.ltrans30.ltrans.o
                0x0804a980                WriteByteToFlash
 .text          0x0804ac04      0x2e8 C:\Users\PRESTO~1\AppData\Local\Temp\cc3x6Wri.ltrans31.ltrans.o
                0x0804ac04                PrintCurve.lto_priv.248
                0x0804ad20                ResetTpaCurves
 .text          0x0804aeec       0x14 c:/dev/gcc-arm-none-eabi/bin/../lib/gcc/arm-none-eabi/6.3.1/../../../../arm-none-eabi/lib/thumb/v7e-m/fpv4-sp/hard\libc_nano.a(lib_a-strcmp.o)
                0x0804aeec                strcmp
 .text          0x0804af00       0x10 c:/dev/gcc-arm-none-eabi/bin/../lib/gcc/arm-none-eabi/6.3.1/../../../../arm-none-eabi/lib/thumb/v7e-m/fpv4-sp/hard\libc_nano.a(lib_a-strlen.o)
                0x0804af00                strlen
 .text          0x0804af10      0x370 c:/dev/gcc-arm-none-eabi/bin/../lib/gcc/arm-none-eabi/6.3.1/thumb/v7e-m/fpv4-sp/hard\libgcc.a(_arm_addsubdf3.o)
                0x0804af10                __aeabi_drsub
                0x0804af18                __aeabi_dsub
                0x0804af18                __subdf3
                0x0804af1c                __aeabi_dadd
                0x0804af1c                __adddf3
                0x0804b194                __floatunsidf
                0x0804b194                __aeabi_ui2d
                0x0804b1b4                __floatsidf
                0x0804b1b4                __aeabi_i2d
                0x0804b1d8                __aeabi_f2d
                0x0804b1d8                __extendsfdf2
                0x0804b214                __floatundidf
                0x0804b214                __aeabi_ul2d
                0x0804b224                __floatdidf
                0x0804b224                __aeabi_l2d
 .text          0x0804b280      0x424 c:/dev/gcc-arm-none-eabi/bin/../lib/gcc/arm-none-eabi/6.3.1/thumb/v7e-m/fpv4-sp/hard\libgcc.a(_arm_muldivdf3.o)
                0x0804b280                __aeabi_dmul
                0x0804b280                __muldf3
                0x0804b4d4                __divdf3
                0x0804b4d4                __aeabi_ddiv
 .text          0x0804b6a4      0x110 c:/dev/gcc-arm-none-eabi/bin/../lib/gcc/arm-none-eabi/6.3.1/thumb/v7e-m/fpv4-sp/hard\libgcc.a(_arm_cmpdf2.o)
                0x0804b6a4                __gtdf2
                0x0804b6a4                __gedf2
                0x0804b6ac                __ltdf2
                0x0804b6ac                __ledf2
                0x0804b6b4                __nedf2
                0x0804b6b4                __eqdf2
                0x0804b6b4                __cmpdf2
                0x0804b730                __aeabi_cdrcmple
                0x0804b740                __aeabi_cdcmpeq
                0x0804b740                __aeabi_cdcmple
                0x0804b750                __aeabi_dcmpeq
                0x0804b764                __aeabi_dcmplt
                0x0804b778                __aeabi_dcmple
                0x0804b78c                __aeabi_dcmpge
                0x0804b7a0                __aeabi_dcmpgt
 .text          0x0804b7b4       0x2c c:/dev/gcc-arm-none-eabi/bin/../lib/gcc/arm-none-eabi/6.3.1/thumb/v7e-m/fpv4-sp/hard\libgcc.a(_arm_unorddf2.o)
                0x0804b7b4                __unorddf2
                0x0804b7b4                __aeabi_dcmpun
 .text          0x0804b7e0       0x50 c:/dev/gcc-arm-none-eabi/bin/../lib/gcc/arm-none-eabi/6.3.1/thumb/v7e-m/fpv4-sp/hard\libgcc.a(_arm_fixdfsi.o)
                0x0804b7e0                __aeabi_d2iz
                0x0804b7e0                __fixdfsi
 .text          0x0804b830       0x40 c:/dev/gcc-arm-none-eabi/bin/../lib/gcc/arm-none-eabi/6.3.1/thumb/v7e-m/fpv4-sp/hard\libgcc.a(_arm_fixunsdfsi.o)
                0x0804b830                __aeabi_d2uiz
                0x0804b830                __fixunsdfsi
 .text          0x0804b870       0xa0 c:/dev/gcc-arm-none-eabi/bin/../lib/gcc/arm-none-eabi/6.3.1/thumb/v7e-m/fpv4-sp/hard\libgcc.a(_arm_truncdfsf2.o)
                0x0804b870                __truncdfsf2
                0x0804b870                __aeabi_d2f
 .text          0x0804b910       0xa0 c:/dev/gcc-arm-none-eabi/bin/../lib/gcc/arm-none-eabi/6.3.1/../../../../arm-none-eabi/lib/thumb/v7e-m/fpv4-sp/hard\libc_nano.a(lib_a-memchr.o)
                0x0804b910                memchr
 *(.text*)
 .text.unlikely
                0x0804b9b0      0x374 C:\Users\PRESTO~1\AppData\Local\Temp\cc3x6Wri.ltrans0.ltrans.o
                0x0804b9b0                RfCustomReply
                0x0804ba5c                DlflStatusDump.lto_priv.209
                0x0804ba90                PrintVtxInfo
                0x0804bb98                OutputVarSet
                0x0804bc80                USBDeInit
                0x0804bcb0                GetExtiCallbackFromPin
 .text.startup  0x0804bd24     0x403c C:\Users\PRESTO~1\AppData\Local\Temp\cc3x6Wri.ltrans3.ltrans.o
                0x0804bd24                main
 .text.unlikely
                0x0804fd60       0x7c C:\Users\PRESTO~1\AppData\Local\Temp\cc3x6Wri.ltrans5.ltrans.o
                0x0804fd60                HAL_PCD_Stop.part.2
 .text.unlikely
                0x0804fddc       0x44 C:\Users\PRESTO~1\AppData\Local\Temp\cc3x6Wri.ltrans7.ltrans.o
                0x0804fddc                HAL_SYSTICK_CLKSourceConfig.part.0
                0x0804fdec                HAL_SYSTICK_Config
 .text.unlikely
                0x0804fe20       0xe8 C:\Users\PRESTO~1\AppData\Local\Temp\cc3x6Wri.ltrans12.ltrans.o
                0x0804fe20                MaxSendReceiveCommand.isra.1.lto_priv.198
                0x0804fee0                USBD_LL_Init.part.1
 .text.unlikely
                0x0804ff08      0x444 C:\Users\PRESTO~1\AppData\Local\Temp\cc3x6Wri.ltrans13.ltrans.o
                0x0804ff08                MassEraseDataFlashByPage.constprop.55
 .text.unlikely
                0x0805034c      0x43c C:\Users\PRESTO~1\AppData\Local\Temp\cc3x6Wri.ltrans18.ltrans.o
                0x0805034c                M25p16ReadStatus.lto_priv.203
 .text.unlikely
                0x08050788      0x1f8 C:\Users\PRESTO~1\AppData\Local\Temp\cc3x6Wri.ltrans20.ltrans.o
                0x08050788                BuiltInUpgradeSiLabsBLHeli
 .text.unlikely
                0x08050980      0xf28 C:\Users\PRESTO~1\AppData\Local\Temp\cc3x6Wri.ltrans21.ltrans.o
                0x08050980                SetRxDefaults
 .text.unlikely
                0x080518a8      0x218 C:\Users\PRESTO~1\AppData\Local\Temp\cc3x6Wri.ltrans24.ltrans.o
                0x080518a8                DirectActuator
 .text.unlikely
                0x08051ac0      0x114 C:\Users\PRESTO~1\AppData\Local\Temp\cc3x6Wri.ltrans26.ltrans.o
                0x08051ac0                WizRxCheckRxDataLooksValid.lto_priv.212
                0x08051b5c                MixerWizard
 .text.unlikely
                0x08051bd4      0x1bc C:\Users\PRESTO~1\AppData\Local\Temp\cc3x6Wri.ltrans27.ltrans.o
                0x08051bd4                HAL_RCC_ClockConfig.constprop.156
 .text.unlikely
                0x08051d90      0x1a8 C:\Users\PRESTO~1\AppData\Local\Temp\cc3x6Wri.ltrans29.ltrans.o
                0x08051d90                MaxOsdSetVidoOnOff.constprop.49
                0x08051ee4                CalculateSDSize.constprop.48
 .text.unlikely
                0x08051f38      0x110 C:\Users\PRESTO~1\AppData\Local\Temp\cc3x6Wri.ltrans31.ltrans.o
                0x08051f38                AdjustTpa
 .text.Reset_Handler
                0x08052048       0x68 output\REVOLT\startup_stm32f405xx.o
                0x08052048                Reset_Handler
 .text.Default_Handler
                0x080520b0        0x2 output\REVOLT\startup_stm32f405xx.o
                0x080520b0                RTC_Alarm_IRQHandler
                0x080520b0                HASH_RNG_IRQHandler
                0x080520b0                TIM8_CC_IRQHandler
                0x080520b0                PVD_IRQHandler
                0x080520b0                SDIO_IRQHandler
                0x080520b0                TAMP_STAMP_IRQHandler
                0x080520b0                CAN2_RX1_IRQHandler
                0x080520b0                TIM8_TRG_COM_TIM14_IRQHandler
                0x080520b0                TIM8_UP_TIM13_IRQHandler
                0x080520b0                I2C3_ER_IRQHandler
                0x080520b0                I2C2_EV_IRQHandler
                0x080520b0                CAN1_RX0_IRQHandler
                0x080520b0                FPU_IRQHandler
                0x080520b0                OTG_HS_WKUP_IRQHandler
                0x080520b0                CAN2_SCE_IRQHandler
                0x080520b0                CAN2_RX0_IRQHandler
                0x080520b0                USART6_IRQHandler
                0x080520b0                USART3_IRQHandler
                0x080520b0                CAN1_RX1_IRQHandler
                0x080520b0                UART5_IRQHandler
                0x080520b0                TIM4_IRQHandler
                0x080520b0                I2C1_EV_IRQHandler
                0x080520b0                UART4_IRQHandler
                0x080520b0                TIM3_IRQHandler
                0x080520b0                RCC_IRQHandler
                0x080520b0                TIM8_BRK_TIM12_IRQHandler
                0x080520b0                Default_Handler
                0x080520b0                CAN2_TX_IRQHandler
                0x080520b0                I2C3_EV_IRQHandler
                0x080520b0                RTC_WKUP_IRQHandler
                0x080520b0                OTG_HS_EP1_IN_IRQHandler
                0x080520b0                CAN1_TX_IRQHandler
                0x080520b0                FSMC_IRQHandler
                0x080520b0                OTG_HS_EP1_OUT_IRQHandler
                0x080520b0                WWDG_IRQHandler
                0x080520b0                TIM2_IRQHandler
                0x080520b0                OTG_FS_WKUP_IRQHandler
                0x080520b0                TIM1_TRG_COM_TIM11_IRQHandler
                0x080520b0                OTG_HS_IRQHandler
                0x080520b0                USART2_IRQHandler
                0x080520b0                I2C2_ER_IRQHandler
                0x080520b0                CAN1_SCE_IRQHandler
                0x080520b0                FLASH_IRQHandler
                0x080520b0                USART1_IRQHandler
                0x080520b0                I2C1_ER_IRQHandler
 .text.atof     0x080520b2        0x6 c:/dev/gcc-arm-none-eabi/bin/../lib/gcc/arm-none-eabi/6.3.1/../../../../arm-none-eabi/lib/thumb/v7e-m/fpv4-sp/hard\libc_nano.a(lib_a-atof.o)
                0x080520b2                atof
 .text.atoi     0x080520b8        0x8 c:/dev/gcc-arm-none-eabi/bin/../lib/gcc/arm-none-eabi/6.3.1/../../../../arm-none-eabi/lib/thumb/v7e-m/fpv4-sp/hard\libc_nano.a(lib_a-atoi.o)
                0x080520b8                atoi
 .text.__itoa   0x080520c0       0x30 c:/dev/gcc-arm-none-eabi/bin/../lib/gcc/arm-none-eabi/6.3.1/../../../../arm-none-eabi/lib/thumb/v7e-m/fpv4-sp/hard\libc_nano.a(lib_a-itoa.o)
                0x080520c0                __itoa
 .text.itoa     0x080520f0        0x4 c:/dev/gcc-arm-none-eabi/bin/../lib/gcc/arm-none-eabi/6.3.1/../../../../arm-none-eabi/lib/thumb/v7e-m/fpv4-sp/hard\libc_nano.a(lib_a-itoa.o)
                0x080520f0                itoa
 .text.__locale_ctype_ptr_l
                0x080520f4        0x6 c:/dev/gcc-arm-none-eabi/bin/../lib/gcc/arm-none-eabi/6.3.1/../../../../arm-none-eabi/lib/thumb/v7e-m/fpv4-sp/hard\libc_nano.a(lib_a-locale.o)
                0x080520f4                __locale_ctype_ptr_l
 *fill*         0x080520fa        0x2 
 .text.__locale_ctype_ptr
                0x080520fc       0x1c c:/dev/gcc-arm-none-eabi/bin/../lib/gcc/arm-none-eabi/6.3.1/../../../../arm-none-eabi/lib/thumb/v7e-m/fpv4-sp/hard\libc_nano.a(lib_a-locale.o)
                0x080520fc                __locale_ctype_ptr
 .text.__ascii_mbtowc
                0x08052118       0x24 c:/dev/gcc-arm-none-eabi/bin/../lib/gcc/arm-none-eabi/6.3.1/../../../../arm-none-eabi/lib/thumb/v7e-m/fpv4-sp/hard\libc_nano.a(lib_a-mbtowc_r.o)
                0x08052118                __ascii_mbtowc
 .text.rand     0x0805213c       0x74 c:/dev/gcc-arm-none-eabi/bin/../lib/gcc/arm-none-eabi/6.3.1/../../../../arm-none-eabi/lib/thumb/v7e-m/fpv4-sp/hard\libc_nano.a(lib_a-rand.o)
                0x0805213c                rand
 .text.unlikely.sulp
                0x080521b0       0x38 c:/dev/gcc-arm-none-eabi/bin/../lib/gcc/arm-none-eabi/6.3.1/../../../../arm-none-eabi/lib/thumb/v7e-m/fpv4-sp/hard\libc_nano.a(lib_a-strtod.o)
 .text._strtod_l
                0x080521e8      0xbd8 c:/dev/gcc-arm-none-eabi/bin/../lib/gcc/arm-none-eabi/6.3.1/../../../../arm-none-eabi/lib/thumb/v7e-m/fpv4-sp/hard\libc_nano.a(lib_a-strtod.o)
                0x080521e8                _strtod_l
 .text.strtod   0x08052dc0       0x28 c:/dev/gcc-arm-none-eabi/bin/../lib/gcc/arm-none-eabi/6.3.1/../../../../arm-none-eabi/lib/thumb/v7e-m/fpv4-sp/hard\libc_nano.a(lib_a-strtod.o)
                0x08052dc0                strtod
 .text._strtol_l.isra.0
                0x08052de8      0x100 c:/dev/gcc-arm-none-eabi/bin/../lib/gcc/arm-none-eabi/6.3.1/../../../../arm-none-eabi/lib/thumb/v7e-m/fpv4-sp/hard\libc_nano.a(lib_a-strtol.o)
 .text.strtol   0x08052ee8       0x2c c:/dev/gcc-arm-none-eabi/bin/../lib/gcc/arm-none-eabi/6.3.1/../../../../arm-none-eabi/lib/thumb/v7e-m/fpv4-sp/hard\libc_nano.a(lib_a-strtol.o)
                0x08052ee8                strtol
 .text.__utoa   0x08052f14       0x80 c:/dev/gcc-arm-none-eabi/bin/../lib/gcc/arm-none-eabi/6.3.1/../../../../arm-none-eabi/lib/thumb/v7e-m/fpv4-sp/hard\libc_nano.a(lib_a-utoa.o)
                0x08052f14                __utoa
 .text.__ascii_wctomb
                0x08052f94       0x1a c:/dev/gcc-arm-none-eabi/bin/../lib/gcc/arm-none-eabi/6.3.1/../../../../arm-none-eabi/lib/thumb/v7e-m/fpv4-sp/hard\libc_nano.a(lib_a-wctomb_r.o)
                0x08052f94                __ascii_wctomb
 .text.rshift   0x08052fae       0x6a c:/dev/gcc-arm-none-eabi/bin/../lib/gcc/arm-none-eabi/6.3.1/../../../../arm-none-eabi/lib/thumb/v7e-m/fpv4-sp/hard\libc_nano.a(lib_a-gdtoa-gethex.o)
 .text.__hexdig_fun
                0x08053018       0x2a c:/dev/gcc-arm-none-eabi/bin/../lib/gcc/arm-none-eabi/6.3.1/../../../../arm-none-eabi/lib/thumb/v7e-m/fpv4-sp/hard\libc_nano.a(lib_a-gdtoa-gethex.o)
                0x08053018                __hexdig_fun
 .text.__gethex
                0x08053042      0x43c c:/dev/gcc-arm-none-eabi/bin/../lib/gcc/arm-none-eabi/6.3.1/../../../../arm-none-eabi/lib/thumb/v7e-m/fpv4-sp/hard\libc_nano.a(lib_a-gdtoa-gethex.o)
                0x08053042                __gethex
 .text.L_shift  0x0805347e       0x24 c:/dev/gcc-arm-none-eabi/bin/../lib/gcc/arm-none-eabi/6.3.1/../../../../arm-none-eabi/lib/thumb/v7e-m/fpv4-sp/hard\libc_nano.a(lib_a-gdtoa-hexnan.o)
 .text.__match  0x080534a2       0x26 c:/dev/gcc-arm-none-eabi/bin/../lib/gcc/arm-none-eabi/6.3.1/../../../../arm-none-eabi/lib/thumb/v7e-m/fpv4-sp/hard\libc_nano.a(lib_a-gdtoa-hexnan.o)
                0x080534a2                __match
 .text.__hexnan
                0x080534c8      0x120 c:/dev/gcc-arm-none-eabi/bin/../lib/gcc/arm-none-eabi/6.3.1/../../../../arm-none-eabi/lib/thumb/v7e-m/fpv4-sp/hard\libc_nano.a(lib_a-gdtoa-hexnan.o)
                0x080534c8                __hexnan
 .text.__localeconv_l
                0x080535e8        0x4 c:/dev/gcc-arm-none-eabi/bin/../lib/gcc/arm-none-eabi/6.3.1/../../../../arm-none-eabi/lib/thumb/v7e-m/fpv4-sp/hard\libc_nano.a(lib_a-localeconv.o)
                0x080535e8                __localeconv_l
 .text.malloc   0x080535ec       0x10 c:/dev/gcc-arm-none-eabi/bin/../lib/gcc/arm-none-eabi/6.3.1/../../../../arm-none-eabi/lib/thumb/v7e-m/fpv4-sp/hard\libc_nano.a(lib_a-malloc.o)
                0x080535ec                malloc
 .text.free     0x080535fc       0x10 c:/dev/gcc-arm-none-eabi/bin/../lib/gcc/arm-none-eabi/6.3.1/../../../../arm-none-eabi/lib/thumb/v7e-m/fpv4-sp/hard\libc_nano.a(lib_a-malloc.o)
                0x080535fc                free
 .text.memcpy   0x0805360c       0x16 c:/dev/gcc-arm-none-eabi/bin/../lib/gcc/arm-none-eabi/6.3.1/../../../../arm-none-eabi/lib/thumb/v7e-m/fpv4-sp/hard\libc_nano.a(lib_a-memcpy-stub.o)
                0x0805360c                memcpy
 .text._Balloc  0x08053622       0x68 c:/dev/gcc-arm-none-eabi/bin/../lib/gcc/arm-none-eabi/6.3.1/../../../../arm-none-eabi/lib/thumb/v7e-m/fpv4-sp/hard\libc_nano.a(lib_a-mprec.o)
                0x08053622                _Balloc
 .text._Bfree   0x0805368a       0x2e c:/dev/gcc-arm-none-eabi/bin/../lib/gcc/arm-none-eabi/6.3.1/../../../../arm-none-eabi/lib/thumb/v7e-m/fpv4-sp/hard\libc_nano.a(lib_a-mprec.o)
                0x0805368a                _Bfree
 .text.__multadd
                0x080536b8       0x76 c:/dev/gcc-arm-none-eabi/bin/../lib/gcc/arm-none-eabi/6.3.1/../../../../arm-none-eabi/lib/thumb/v7e-m/fpv4-sp/hard\libc_nano.a(lib_a-mprec.o)
                0x080536b8                __multadd
 .text.__s2b    0x0805372e       0x7c c:/dev/gcc-arm-none-eabi/bin/../lib/gcc/arm-none-eabi/6.3.1/../../../../arm-none-eabi/lib/thumb/v7e-m/fpv4-sp/hard\libc_nano.a(lib_a-mprec.o)
                0x0805372e                __s2b
 .text.__hi0bits
                0x080537aa       0x3e c:/dev/gcc-arm-none-eabi/bin/../lib/gcc/arm-none-eabi/6.3.1/../../../../arm-none-eabi/lib/thumb/v7e-m/fpv4-sp/hard\libc_nano.a(lib_a-mprec.o)
                0x080537aa                __hi0bits
 .text.__lo0bits
                0x080537e8       0x5e c:/dev/gcc-arm-none-eabi/bin/../lib/gcc/arm-none-eabi/6.3.1/../../../../arm-none-eabi/lib/thumb/v7e-m/fpv4-sp/hard\libc_nano.a(lib_a-mprec.o)
                0x080537e8                __lo0bits
 .text.__i2b    0x08053846       0x12 c:/dev/gcc-arm-none-eabi/bin/../lib/gcc/arm-none-eabi/6.3.1/../../../../arm-none-eabi/lib/thumb/v7e-m/fpv4-sp/hard\libc_nano.a(lib_a-mprec.o)
                0x08053846                __i2b
 .text.__multiply
                0x08053858      0x11a c:/dev/gcc-arm-none-eabi/bin/../lib/gcc/arm-none-eabi/6.3.1/../../../../arm-none-eabi/lib/thumb/v7e-m/fpv4-sp/hard\libc_nano.a(lib_a-mprec.o)
                0x08053858                __multiply
 *fill*         0x08053972        0x2 
 .text.__pow5mult
                0x08053974       0x9c c:/dev/gcc-arm-none-eabi/bin/../lib/gcc/arm-none-eabi/6.3.1/../../../../arm-none-eabi/lib/thumb/v7e-m/fpv4-sp/hard\libc_nano.a(lib_a-mprec.o)
                0x08053974                __pow5mult
 .text.__lshift
                0x08053a10       0xa2 c:/dev/gcc-arm-none-eabi/bin/../lib/gcc/arm-none-eabi/6.3.1/../../../../arm-none-eabi/lib/thumb/v7e-m/fpv4-sp/hard\libc_nano.a(lib_a-mprec.o)
                0x08053a10                __lshift
 .text.__mcmp   0x08053ab2       0x34 c:/dev/gcc-arm-none-eabi/bin/../lib/gcc/arm-none-eabi/6.3.1/../../../../arm-none-eabi/lib/thumb/v7e-m/fpv4-sp/hard\libc_nano.a(lib_a-mprec.o)
                0x08053ab2                __mcmp
 .text.__mdiff  0x08053ae6       0xbc c:/dev/gcc-arm-none-eabi/bin/../lib/gcc/arm-none-eabi/6.3.1/../../../../arm-none-eabi/lib/thumb/v7e-m/fpv4-sp/hard\libc_nano.a(lib_a-mprec.o)
                0x08053ae6                __mdiff
 *fill*         0x08053ba2        0x2 
 .text.__ulp    0x08053ba4       0x50 c:/dev/gcc-arm-none-eabi/bin/../lib/gcc/arm-none-eabi/6.3.1/../../../../arm-none-eabi/lib/thumb/v7e-m/fpv4-sp/hard\libc_nano.a(lib_a-mprec.o)
                0x08053ba4                __ulp
 .text.__b2d    0x08053bf4       0x9c c:/dev/gcc-arm-none-eabi/bin/../lib/gcc/arm-none-eabi/6.3.1/../../../../arm-none-eabi/lib/thumb/v7e-m/fpv4-sp/hard\libc_nano.a(lib_a-mprec.o)
                0x08053bf4                __b2d
 .text.__d2b    0x08053c90       0x9e c:/dev/gcc-arm-none-eabi/bin/../lib/gcc/arm-none-eabi/6.3.1/../../../../arm-none-eabi/lib/thumb/v7e-m/fpv4-sp/hard\libc_nano.a(lib_a-mprec.o)
                0x08053c90                __d2b
 .text.__ratio  0x08053d2e       0x58 c:/dev/gcc-arm-none-eabi/bin/../lib/gcc/arm-none-eabi/6.3.1/../../../../arm-none-eabi/lib/thumb/v7e-m/fpv4-sp/hard\libc_nano.a(lib_a-mprec.o)
                0x08053d2e                __ratio
 .text.__copybits
                0x08053d86       0x34 c:/dev/gcc-arm-none-eabi/bin/../lib/gcc/arm-none-eabi/6.3.1/../../../../arm-none-eabi/lib/thumb/v7e-m/fpv4-sp/hard\libc_nano.a(lib_a-mprec.o)
                0x08053d86                __copybits
 .text.__any_on
                0x08053dba       0x42 c:/dev/gcc-arm-none-eabi/bin/../lib/gcc/arm-none-eabi/6.3.1/../../../../arm-none-eabi/lib/thumb/v7e-m/fpv4-sp/hard\libc_nano.a(lib_a-mprec.o)
                0x08053dba                __any_on
 .text._calloc_r
                0x08053dfc       0x1c c:/dev/gcc-arm-none-eabi/bin/../lib/gcc/arm-none-eabi/6.3.1/../../../../arm-none-eabi/lib/thumb/v7e-m/fpv4-sp/hard\libc_nano.a(lib_a-nano-callocr.o)
                0x08053dfc                _calloc_r
 .text._free_r  0x08053e18       0x9c c:/dev/gcc-arm-none-eabi/bin/../lib/gcc/arm-none-eabi/6.3.1/../../../../arm-none-eabi/lib/thumb/v7e-m/fpv4-sp/hard\libc_nano.a(lib_a-nano-freer.o)
                0x08053e18                _free_r
 .text._malloc_r
                0x08053eb4       0xbc c:/dev/gcc-arm-none-eabi/bin/../lib/gcc/arm-none-eabi/6.3.1/../../../../arm-none-eabi/lib/thumb/v7e-m/fpv4-sp/hard\libc_nano.a(lib_a-nano-mallocr.o)
                0x08053eb4                _malloc_r
 .text._sbrk_r  0x08053f70       0x20 c:/dev/gcc-arm-none-eabi/bin/../lib/gcc/arm-none-eabi/6.3.1/../../../../arm-none-eabi/lib/thumb/v7e-m/fpv4-sp/hard\libc_nano.a(lib_a-sbrkr.o)
                0x08053f70                _sbrk_r
 .text.strncmp  0x08053f90       0x24 c:/dev/gcc-arm-none-eabi/bin/../lib/gcc/arm-none-eabi/6.3.1/../../../../arm-none-eabi/lib/thumb/v7e-m/fpv4-sp/hard\libc_nano.a(lib_a-strncmp.o)
                0x08053f90                strncmp
 .text.memset   0x08053fb4       0x10 c:/dev/gcc-arm-none-eabi/bin/../lib/gcc/arm-none-eabi/6.3.1/../../../../arm-none-eabi/lib/thumb/v7e-m/fpv4-sp/hard\libc_nano.a(lib_a-memset.o)
                0x08053fb4                memset
 .text.__malloc_lock
                0x08053fc4        0x2 c:/dev/gcc-arm-none-eabi/bin/../lib/gcc/arm-none-eabi/6.3.1/../../../../arm-none-eabi/lib/thumb/v7e-m/fpv4-sp/hard\libc_nano.a(lib_a-mlock.o)
                0x08053fc4                __malloc_lock
 .text.__malloc_unlock
                0x08053fc6        0x2 c:/dev/gcc-arm-none-eabi/bin/../lib/gcc/arm-none-eabi/6.3.1/../../../../arm-none-eabi/lib/thumb/v7e-m/fpv4-sp/hard\libc_nano.a(lib_a-mlock.o)
                0x08053fc6                __malloc_unlock
 .text._sbrk    0x08053fc8       0x1c c:/dev/gcc-arm-none-eabi/bin/../lib/gcc/arm-none-eabi/6.3.1/../../../../arm-none-eabi/lib/thumb/v7e-m/fpv4-sp/hard\libnosys.a(sbrk.o)
                0x08053fc8                _sbrk
 .text.powl     0x08053fe4        0x4 c:/dev/gcc-arm-none-eabi/bin/../lib/gcc/arm-none-eabi/6.3.1/../../../../arm-none-eabi/lib/thumb/v7e-m/fpv4-sp/hard\libm.a(lib_a-powl.o)
                0x08053fe4                powl
 .text.ceil     0x08053fe8      0x128 c:/dev/gcc-arm-none-eabi/bin/../lib/gcc/arm-none-eabi/6.3.1/../../../../arm-none-eabi/lib/thumb/v7e-m/fpv4-sp/hard\libm.a(lib_a-s_ceil.o)
                0x08053fe8                ceil
 .text.lrint    0x08054110       0xc0 c:/dev/gcc-arm-none-eabi/bin/../lib/gcc/arm-none-eabi/6.3.1/../../../../arm-none-eabi/lib/thumb/v7e-m/fpv4-sp/hard\libm.a(lib_a-s_lrint.o)
                0x08054110                lrint
 .text.round    0x080541d0       0xb0 c:/dev/gcc-arm-none-eabi/bin/../lib/gcc/arm-none-eabi/6.3.1/../../../../arm-none-eabi/lib/thumb/v7e-m/fpv4-sp/hard\libm.a(lib_a-s_round.o)
                0x080541d0                round
 .text.cosf     0x08054280       0x90 c:/dev/gcc-arm-none-eabi/bin/../lib/gcc/arm-none-eabi/6.3.1/../../../../arm-none-eabi/lib/thumb/v7e-m/fpv4-sp/hard\libm.a(lib_a-sf_cos.o)
                0x08054280                cosf
 .text.lrintf   0x08054310       0x98 c:/dev/gcc-arm-none-eabi/bin/../lib/gcc/arm-none-eabi/6.3.1/../../../../arm-none-eabi/lib/thumb/v7e-m/fpv4-sp/hard\libm.a(lib_a-sf_lrint.o)
                0x08054310                lrintf
 .text.sinf     0x080543a8       0x94 c:/dev/gcc-arm-none-eabi/bin/../lib/gcc/arm-none-eabi/6.3.1/../../../../arm-none-eabi/lib/thumb/v7e-m/fpv4-sp/hard\libm.a(lib_a-sf_sin.o)
                0x080543a8                sinf
 *fill*         0x0805443c        0x4 
 .text.pow      0x08054440      0x320 c:/dev/gcc-arm-none-eabi/bin/../lib/gcc/arm-none-eabi/6.3.1/../../../../arm-none-eabi/lib/thumb/v7e-m/fpv4-sp/hard\libm.a(lib_a-w_pow.o)
                0x08054440                pow
 .text.sqrtf    0x08054760       0xac c:/dev/gcc-arm-none-eabi/bin/../lib/gcc/arm-none-eabi/6.3.1/../../../../arm-none-eabi/lib/thumb/v7e-m/fpv4-sp/hard\libm.a(lib_a-wf_sqrt.o)
                0x08054760                sqrtf
 *fill*         0x0805480c        0x4 
 .text.__ieee754_pow
                0x08054810      0xae0 c:/dev/gcc-arm-none-eabi/bin/../lib/gcc/arm-none-eabi/6.3.1/../../../../arm-none-eabi/lib/thumb/v7e-m/fpv4-sp/hard\libm.a(lib_a-e_pow.o)
                0x08054810                __ieee754_pow
 .text.__ieee754_sqrt
                0x080552f0      0x198 c:/dev/gcc-arm-none-eabi/bin/../lib/gcc/arm-none-eabi/6.3.1/../../../../arm-none-eabi/lib/thumb/v7e-m/fpv4-sp/hard\libm.a(lib_a-e_sqrt.o)
                0x080552f0                __ieee754_sqrt
 .text.__ieee754_rem_pio2f
                0x08055488      0x290 c:/dev/gcc-arm-none-eabi/bin/../lib/gcc/arm-none-eabi/6.3.1/../../../../arm-none-eabi/lib/thumb/v7e-m/fpv4-sp/hard\libm.a(lib_a-ef_rem_pio2.o)
                0x08055488                __ieee754_rem_pio2f
 .text.__ieee754_sqrtf
                0x08055718        0x8 c:/dev/gcc-arm-none-eabi/bin/../lib/gcc/arm-none-eabi/6.3.1/../../../../arm-none-eabi/lib/thumb/v7e-m/fpv4-sp/hard\libm.a(lib_a-ef_sqrt.o)
                0x08055718                __ieee754_sqrtf
 .text.__kernel_cosf
                0x08055720      0x104 c:/dev/gcc-arm-none-eabi/bin/../lib/gcc/arm-none-eabi/6.3.1/../../../../arm-none-eabi/lib/thumb/v7e-m/fpv4-sp/hard\libm.a(lib_a-kf_cos.o)
                0x08055720                __kernel_cosf
 .text.__kernel_rem_pio2f
                0x08055824      0x690 c:/dev/gcc-arm-none-eabi/bin/../lib/gcc/arm-none-eabi/6.3.1/../../../../arm-none-eabi/lib/thumb/v7e-m/fpv4-sp/hard\libm.a(lib_a-kf_rem_pio2.o)
                0x08055824                __kernel_rem_pio2f
 .text.__kernel_sinf
                0x08055eb4       0x90 c:/dev/gcc-arm-none-eabi/bin/../lib/gcc/arm-none-eabi/6.3.1/../../../../arm-none-eabi/lib/thumb/v7e-m/fpv4-sp/hard\libm.a(lib_a-kf_sin.o)
                0x08055eb4                __kernel_sinf
 .text.fabs     0x08055f44       0x10 c:/dev/gcc-arm-none-eabi/bin/../lib/gcc/arm-none-eabi/6.3.1/../../../../arm-none-eabi/lib/thumb/v7e-m/fpv4-sp/hard\libm.a(lib_a-s_fabs.o)
                0x08055f44                fabs
 .text.finite   0x08055f54       0x10 c:/dev/gcc-arm-none-eabi/bin/../lib/gcc/arm-none-eabi/6.3.1/../../../../arm-none-eabi/lib/thumb/v7e-m/fpv4-sp/hard\libm.a(lib_a-s_finite.o)
                0x08055f54                finite
 .text.matherr  0x08055f64        0x4 c:/dev/gcc-arm-none-eabi/bin/../lib/gcc/arm-none-eabi/6.3.1/../../../../arm-none-eabi/lib/thumb/v7e-m/fpv4-sp/hard\libm.a(lib_a-s_matherr.o)
                0x08055f64                matherr
 .text.nan      0x08055f68       0x10 c:/dev/gcc-arm-none-eabi/bin/../lib/gcc/arm-none-eabi/6.3.1/../../../../arm-none-eabi/lib/thumb/v7e-m/fpv4-sp/hard\libm.a(lib_a-s_nan.o)
                0x08055f68                nan
 .text.rint     0x08055f78      0x124 c:/dev/gcc-arm-none-eabi/bin/../lib/gcc/arm-none-eabi/6.3.1/../../../../arm-none-eabi/lib/thumb/v7e-m/fpv4-sp/hard\libm.a(lib_a-s_rint.o)
                0x08055f78                rint
 *fill*         0x0805609c        0x4 
 .text.scalbn   0x080560a0      0x10c c:/dev/gcc-arm-none-eabi/bin/../lib/gcc/arm-none-eabi/6.3.1/../../../../arm-none-eabi/lib/thumb/v7e-m/fpv4-sp/hard\libm.a(lib_a-s_scalbn.o)
                0x080560a0                scalbn
 .text.fabsf    0x080561ac       0x10 c:/dev/gcc-arm-none-eabi/bin/../lib/gcc/arm-none-eabi/6.3.1/../../../../arm-none-eabi/lib/thumb/v7e-m/fpv4-sp/hard\libm.a(lib_a-sf_fabs.o)
                0x080561ac                fabsf
 .text.floorf   0x080561bc       0x90 c:/dev/gcc-arm-none-eabi/bin/../lib/gcc/arm-none-eabi/6.3.1/../../../../arm-none-eabi/lib/thumb/v7e-m/fpv4-sp/hard\libm.a(lib_a-sf_floor.o)
                0x080561bc                floorf
 .text.scalbnf  0x0805624c       0xd0 c:/dev/gcc-arm-none-eabi/bin/../lib/gcc/arm-none-eabi/6.3.1/../../../../arm-none-eabi/lib/thumb/v7e-m/fpv4-sp/hard\libm.a(lib_a-sf_scalbn.o)
                0x0805624c                scalbnf
 .text.copysign
                0x0805631c       0x1c c:/dev/gcc-arm-none-eabi/bin/../lib/gcc/arm-none-eabi/6.3.1/../../../../arm-none-eabi/lib/thumb/v7e-m/fpv4-sp/hard\libm.a(lib_a-s_copysign.o)
                0x0805631c                copysign
 .text.copysignf
                0x08056338       0x18 c:/dev/gcc-arm-none-eabi/bin/../lib/gcc/arm-none-eabi/6.3.1/../../../../arm-none-eabi/lib/thumb/v7e-m/fpv4-sp/hard\libm.a(lib_a-sf_copysign.o)
                0x08056338                copysignf
 .text.__errno  0x08056350        0xc c:/dev/gcc-arm-none-eabi/bin/../lib/gcc/arm-none-eabi/6.3.1/../../../../arm-none-eabi/lib/thumb/v7e-m/fpv4-sp/hard\libc_nano.a(lib_a-errno.o)
                0x08056350                __errno
 .text.snprintf
                0x0805635c       0x68 c:/dev/gcc-arm-none-eabi/bin/../lib/gcc/arm-none-eabi/6.3.1/../../../../arm-none-eabi/lib/thumb/v7e-m/fpv4-sp/hard\libc_nano.a(lib_a-snprintf.o)
                0x0805635c                sniprintf
                0x0805635c                snprintf
 .text.sprintf  0x080563c4       0x48 c:/dev/gcc-arm-none-eabi/bin/../lib/gcc/arm-none-eabi/6.3.1/../../../../arm-none-eabi/lib/thumb/v7e-m/fpv4-sp/hard\libc_nano.a(lib_a-sprintf.o)
                0x080563c4                siprintf
                0x080563c4                sprintf
 .text.strcat   0x0805640c       0x1e c:/dev/gcc-arm-none-eabi/bin/../lib/gcc/arm-none-eabi/6.3.1/../../../../arm-none-eabi/lib/thumb/v7e-m/fpv4-sp/hard\libc_nano.a(lib_a-strcat.o)
                0x0805640c                strcat
 .text.strchr   0x0805642a       0x1c c:/dev/gcc-arm-none-eabi/bin/../lib/gcc/arm-none-eabi/6.3.1/../../../../arm-none-eabi/lib/thumb/v7e-m/fpv4-sp/hard\libc_nano.a(lib_a-strchr.o)
                0x0805642a                strchr
 .text.strcpy   0x08056446       0x10 c:/dev/gcc-arm-none-eabi/bin/../lib/gcc/arm-none-eabi/6.3.1/../../../../arm-none-eabi/lib/thumb/v7e-m/fpv4-sp/hard\libc_nano.a(lib_a-strcpy.o)
                0x08056446                strcpy
 .text.strncasecmp
                0x08056456       0x4e c:/dev/gcc-arm-none-eabi/bin/../lib/gcc/arm-none-eabi/6.3.1/../../../../arm-none-eabi/lib/thumb/v7e-m/fpv4-sp/hard\libc_nano.a(lib_a-strncasecmp.o)
                0x08056456                strncasecmp
 .text.strncpy  0x080564a4       0x2a c:/dev/gcc-arm-none-eabi/bin/../lib/gcc/arm-none-eabi/6.3.1/../../../../arm-none-eabi/lib/thumb/v7e-m/fpv4-sp/hard\libc_nano.a(lib_a-strncpy.o)
                0x080564a4                strncpy
 .text.__ssputs_r
                0x080564ce       0xb6 c:/dev/gcc-arm-none-eabi/bin/../lib/gcc/arm-none-eabi/6.3.1/../../../../arm-none-eabi/lib/thumb/v7e-m/fpv4-sp/hard\libc_nano.a(lib_a-nano-svfprintf.o)
                0x080564ce                __ssputs_r
 .text._svfprintf_r
                0x08056584      0x1e8 c:/dev/gcc-arm-none-eabi/bin/../lib/gcc/arm-none-eabi/6.3.1/../../../../arm-none-eabi/lib/thumb/v7e-m/fpv4-sp/hard\libc_nano.a(lib_a-nano-svfprintf.o)
                0x08056584                _svfiprintf_r
                0x08056584                _svfprintf_r
 .text._printf_common
                0x0805676c       0xec c:/dev/gcc-arm-none-eabi/bin/../lib/gcc/arm-none-eabi/6.3.1/../../../../arm-none-eabi/lib/thumb/v7e-m/fpv4-sp/hard\libc_nano.a(lib_a-nano-vfprintf_i.o)
                0x0805676c                _printf_common
 .text._printf_i
                0x08056858      0x240 c:/dev/gcc-arm-none-eabi/bin/../lib/gcc/arm-none-eabi/6.3.1/../../../../arm-none-eabi/lib/thumb/v7e-m/fpv4-sp/hard\libc_nano.a(lib_a-nano-vfprintf_i.o)
                0x08056858                _printf_i
 .text.memmove  0x08056a98       0x34 c:/dev/gcc-arm-none-eabi/bin/../lib/gcc/arm-none-eabi/6.3.1/../../../../arm-none-eabi/lib/thumb/v7e-m/fpv4-sp/hard\libc_nano.a(lib_a-memmove.o)
                0x08056a98                memmove
 .text._realloc_r
                0x08056acc       0x4c c:/dev/gcc-arm-none-eabi/bin/../lib/gcc/arm-none-eabi/6.3.1/../../../../arm-none-eabi/lib/thumb/v7e-m/fpv4-sp/hard\libc_nano.a(lib_a-nano-reallocr.o)
                0x08056acc                _realloc_r
 .text._malloc_usable_size_r
                0x08056b18       0x12 c:/dev/gcc-arm-none-eabi/bin/../lib/gcc/arm-none-eabi/6.3.1/../../../../arm-none-eabi/lib/thumb/v7e-m/fpv4-sp/hard\libc_nano.a(lib_a-nano-msizer.o)
                0x08056b18                _malloc_usable_size_r
 *(.rodata)
 *fill*         0x08056b2a        0x2 
 .rodata        0x08056b2c     0x65ea C:\Users\PRESTO~1\AppData\Local\Temp\cc3x6Wri.ltrans1.ltrans.o
                0x08056b2c                valueTable
                0x08058e7c                vtxStringCompTable
                0x0805cff8                crc8tab.lto_priv.204.lto_priv.232
                0x0805cff8                crc8tab
 *fill*         0x0805d116        0x2 
 .rodata        0x0805d118      0xc1e C:\Users\PRESTO~1\AppData\Local\Temp\cc3x6Wri.ltrans2.ltrans.o
 *fill*         0x0805dd36        0x2 
 .rodata        0x0805dd38       0x15 C:\Users\PRESTO~1\AppData\Local\Temp\cc3x6Wri.ltrans3.ltrans.o
 *fill*         0x0805dd4d        0x3 
 .rodata        0x0805dd50      0x210 C:\Users\PRESTO~1\AppData\Local\Temp\cc3x6Wri.ltrans4.ltrans.o
 .rodata        0x0805df60      0x240 C:\Users\PRESTO~1\AppData\Local\Temp\cc3x6Wri.ltrans7.ltrans.o
 .rodata        0x0805e1a0       0xa0 C:\Users\PRESTO~1\AppData\Local\Temp\cc3x6Wri.ltrans10.ltrans.o
                0x0805e1a0                vtxBandChannelToFrequencyLookup.lto_priv.233
 .rodata        0x0805e240       0x38 C:\Users\PRESTO~1\AppData\Local\Temp\cc3x6Wri.ltrans11.ltrans.o
                0x0805e240                CSWTCH.36.lto_priv.235
 .rodata        0x0805e278       0xee C:\Users\PRESTO~1\AppData\Local\Temp\cc3x6Wri.ltrans13.ltrans.o
                0x0805e278                stringModes
                0x0805e344                bitLookup.lto_priv.199.lto_priv.247
 *fill*         0x0805e366        0x2 
 .rodata        0x0805e368       0x28 C:\Users\PRESTO~1\AppData\Local\Temp\cc3x6Wri.ltrans14.ltrans.o
 .rodata        0x0805e390       0x97 C:\Users\PRESTO~1\AppData\Local\Temp\cc3x6Wri.ltrans16.ltrans.o
 *fill*         0x0805e427        0x1 
 .rodata        0x0805e428      0x804 C:\Users\PRESTO~1\AppData\Local\Temp\cc3x6Wri.ltrans19.ltrans.o
 .rodata        0x0805ec2c       0x48 C:\Users\PRESTO~1\AppData\Local\Temp\cc3x6Wri.ltrans21.ltrans.o
                0x0805ec2c                flagBitshiftOffset.9597.lto_priv.225
 .rodata        0x0805ec74       0x6c C:\Users\PRESTO~1\AppData\Local\Temp\cc3x6Wri.ltrans22.ltrans.o
 .rodata        0x0805ece0      0x110 C:\Users\PRESTO~1\AppData\Local\Temp\cc3x6Wri.ltrans27.ltrans.o
                0x0805ece0                APBAHBPrescTable
                0x0805ecf0                BitReverseTable256.lto_priv.197
 *(.rodata*)
 .rodata.str1.4
                0x0805edf0      0x15e C:\Users\PRESTO~1\AppData\Local\Temp\cc3x6Wri.ltrans0.ltrans.o
 *fill*         0x0805ef4e        0x2 
 .rodata.str1.4
                0x0805ef50     0x212f C:\Users\PRESTO~1\AppData\Local\Temp\cc3x6Wri.ltrans1.ltrans.o
                               0x2163 (size before relaxing)
 *fill*         0x0806107f        0x1 
 .rodata.str1.4
                0x08061080      0x239 C:\Users\PRESTO~1\AppData\Local\Temp\cc3x6Wri.ltrans2.ltrans.o
 *fill*         0x080612b9        0x3 
 .rodata.str1.4
                0x080612bc        0xc C:\Users\PRESTO~1\AppData\Local\Temp\cc3x6Wri.ltrans4.ltrans.o
                                 0x57 (size before relaxing)
 .rodata.str1.4
                0x080612c8      0x150 C:\Users\PRESTO~1\AppData\Local\Temp\cc3x6Wri.ltrans6.ltrans.o
                                0x158 (size before relaxing)
 .rodata.str1.4
                0x08061418      0x5c0 C:\Users\PRESTO~1\AppData\Local\Temp\cc3x6Wri.ltrans7.ltrans.o
                                0x5ec (size before relaxing)
 .rodata.str1.4
                0x080619d8       0x2c C:\Users\PRESTO~1\AppData\Local\Temp\cc3x6Wri.ltrans9.ltrans.o
                                 0xa4 (size before relaxing)
 .rodata.str1.4
                0x08061a04       0x36 C:\Users\PRESTO~1\AppData\Local\Temp\cc3x6Wri.ltrans12.ltrans.o
 *fill*         0x08061a3a        0x2 
 .rodata.str1.4
                0x08061a3c       0x8f C:\Users\PRESTO~1\AppData\Local\Temp\cc3x6Wri.ltrans13.ltrans.o
                                 0xcb (size before relaxing)
 *fill*         0x08061acb        0x1 
 .rodata.str1.4
                0x08061acc       0x31 C:\Users\PRESTO~1\AppData\Local\Temp\cc3x6Wri.ltrans15.ltrans.o
 *fill*         0x08061afd        0x3 
 .rodata.str1.4
                0x08061b00       0xa7 C:\Users\PRESTO~1\AppData\Local\Temp\cc3x6Wri.ltrans20.ltrans.o
                                 0xaf (size before relaxing)
 *fill*         0x08061ba7        0x1 
 .rodata.str1.4
                0x08061ba8      0x195 C:\Users\PRESTO~1\AppData\Local\Temp\cc3x6Wri.ltrans22.ltrans.o
                                0x199 (size before relaxing)
 *fill*         0x08061d3d        0x3 
 .rodata.str1.4
                0x08061d40      0x223 C:\Users\PRESTO~1\AppData\Local\Temp\cc3x6Wri.ltrans26.ltrans.o
                                0x23b (size before relaxing)
 *fill*         0x08061f63        0x1 
 .rodata.str1.4
                0x08061f64       0x3b C:\Users\PRESTO~1\AppData\Local\Temp\cc3x6Wri.ltrans31.ltrans.o
                                 0x3f (size before relaxing)
 .rodata._setlocale_r.str1.1
                0x08061f9f        0x8 c:/dev/gcc-arm-none-eabi/bin/../lib/gcc/arm-none-eabi/6.3.1/../../../../arm-none-eabi/lib/thumb/v7e-m/fpv4-sp/hard\libc_nano.a(lib_a-locale.o)
                                  0x9 (size before relaxing)
 .rodata.str1.1
                0x08061fa7        0x2 c:/dev/gcc-arm-none-eabi/bin/../lib/gcc/arm-none-eabi/6.3.1/../../../../arm-none-eabi/lib/thumb/v7e-m/fpv4-sp/hard\libc_nano.a(lib_a-locale.o)
 .rodata._strtod_l.str1.1
                0x08061fa9        0xc c:/dev/gcc-arm-none-eabi/bin/../lib/gcc/arm-none-eabi/6.3.1/../../../../arm-none-eabi/lib/thumb/v7e-m/fpv4-sp/hard\libc_nano.a(lib_a-strtod.o)
 *fill*         0x08061fb5        0x3 
 .rodata.fpi.7252
                0x08061fb8       0x14 c:/dev/gcc-arm-none-eabi/bin/../lib/gcc/arm-none-eabi/6.3.1/../../../../arm-none-eabi/lib/thumb/v7e-m/fpv4-sp/hard\libc_nano.a(lib_a-strtod.o)
 .rodata.fpinan.7288
                0x08061fcc       0x14 c:/dev/gcc-arm-none-eabi/bin/../lib/gcc/arm-none-eabi/6.3.1/../../../../arm-none-eabi/lib/thumb/v7e-m/fpv4-sp/hard\libc_nano.a(lib_a-strtod.o)
 .rodata.tinytens
                0x08061fe0       0x28 c:/dev/gcc-arm-none-eabi/bin/../lib/gcc/arm-none-eabi/6.3.1/../../../../arm-none-eabi/lib/thumb/v7e-m/fpv4-sp/hard\libc_nano.a(lib_a-strtod.o)
 .rodata.__utoa.str1.1
                0x08062008       0x25 c:/dev/gcc-arm-none-eabi/bin/../lib/gcc/arm-none-eabi/6.3.1/../../../../arm-none-eabi/lib/thumb/v7e-m/fpv4-sp/hard\libc_nano.a(lib_a-utoa.o)
 .rodata._ctype_
                0x0806202d      0x101 c:/dev/gcc-arm-none-eabi/bin/../lib/gcc/arm-none-eabi/6.3.1/../../../../arm-none-eabi/lib/thumb/v7e-m/fpv4-sp/hard\libc_nano.a(lib_a-ctype_.o)
                0x0806202d                _ctype_
 *fill*         0x0806212e        0x2 
 .rodata.__mprec_bigtens
                0x08062130       0x28 c:/dev/gcc-arm-none-eabi/bin/../lib/gcc/arm-none-eabi/6.3.1/../../../../arm-none-eabi/lib/thumb/v7e-m/fpv4-sp/hard\libc_nano.a(lib_a-mprec.o)
                0x08062130                __mprec_bigtens
 .rodata.__mprec_tens
                0x08062158       0xc8 c:/dev/gcc-arm-none-eabi/bin/../lib/gcc/arm-none-eabi/6.3.1/../../../../arm-none-eabi/lib/thumb/v7e-m/fpv4-sp/hard\libc_nano.a(lib_a-mprec.o)
                0x08062158                __mprec_tens
 .rodata.p05.7170
                0x08062220        0xc c:/dev/gcc-arm-none-eabi/bin/../lib/gcc/arm-none-eabi/6.3.1/../../../../arm-none-eabi/lib/thumb/v7e-m/fpv4-sp/hard\libc_nano.a(lib_a-mprec.o)
 *fill*         0x0806222c        0x4 
 .rodata.TWO52  0x08062230       0x10 c:/dev/gcc-arm-none-eabi/bin/../lib/gcc/arm-none-eabi/6.3.1/../../../../arm-none-eabi/lib/thumb/v7e-m/fpv4-sp/hard\libm.a(lib_a-s_lrint.o)
 .rodata.TWO23  0x08062240        0x8 c:/dev/gcc-arm-none-eabi/bin/../lib/gcc/arm-none-eabi/6.3.1/../../../../arm-none-eabi/lib/thumb/v7e-m/fpv4-sp/hard\libm.a(lib_a-sf_lrint.o)
 .rodata.pow.str1.4
                0x08062248        0x4 c:/dev/gcc-arm-none-eabi/bin/../lib/gcc/arm-none-eabi/6.3.1/../../../../arm-none-eabi/lib/thumb/v7e-m/fpv4-sp/hard\libm.a(lib_a-w_pow.o)
 .rodata.sqrtf.str1.4
                0x0806224c        0x8 c:/dev/gcc-arm-none-eabi/bin/../lib/gcc/arm-none-eabi/6.3.1/../../../../arm-none-eabi/lib/thumb/v7e-m/fpv4-sp/hard\libm.a(lib_a-wf_sqrt.o)
                                  0x6 (size before relaxing)
 .rodata.__ieee754_pow.str1.4
                0x08062254        0x1 c:/dev/gcc-arm-none-eabi/bin/../lib/gcc/arm-none-eabi/6.3.1/../../../../arm-none-eabi/lib/thumb/v7e-m/fpv4-sp/hard\libm.a(lib_a-e_pow.o)
 .rodata.npio2_hw
                0x08062254       0x80 c:/dev/gcc-arm-none-eabi/bin/../lib/gcc/arm-none-eabi/6.3.1/../../../../arm-none-eabi/lib/thumb/v7e-m/fpv4-sp/hard\libm.a(lib_a-ef_rem_pio2.o)
 .rodata.two_over_pi
                0x080622d4      0x318 c:/dev/gcc-arm-none-eabi/bin/../lib/gcc/arm-none-eabi/6.3.1/../../../../arm-none-eabi/lib/thumb/v7e-m/fpv4-sp/hard\libm.a(lib_a-ef_rem_pio2.o)
 .rodata.PIo2   0x080625ec       0x2c c:/dev/gcc-arm-none-eabi/bin/../lib/gcc/arm-none-eabi/6.3.1/../../../../arm-none-eabi/lib/thumb/v7e-m/fpv4-sp/hard\libm.a(lib_a-kf_rem_pio2.o)
 .rodata.init_jk
                0x08062618        0xc c:/dev/gcc-arm-none-eabi/bin/../lib/gcc/arm-none-eabi/6.3.1/../../../../arm-none-eabi/lib/thumb/v7e-m/fpv4-sp/hard\libm.a(lib_a-kf_rem_pio2.o)
 *fill*         0x08062624        0x4 
 .rodata.TWO52  0x08062628       0x10 c:/dev/gcc-arm-none-eabi/bin/../lib/gcc/arm-none-eabi/6.3.1/../../../../arm-none-eabi/lib/thumb/v7e-m/fpv4-sp/hard\libm.a(lib_a-s_rint.o)
 .rodata._svfprintf_r.str1.1
                0x08062638       0x11 c:/dev/gcc-arm-none-eabi/bin/../lib/gcc/arm-none-eabi/6.3.1/../../../../arm-none-eabi/lib/thumb/v7e-m/fpv4-sp/hard\libc_nano.a(lib_a-nano-svfprintf.o)
 .rodata._printf_i.str1.1
                0x08062649       0x22 c:/dev/gcc-arm-none-eabi/bin/../lib/gcc/arm-none-eabi/6.3.1/../../../../arm-none-eabi/lib/thumb/v7e-m/fpv4-sp/hard\libc_nano.a(lib_a-nano-vfprintf_i.o)
 *(.glue_7)
 .glue_7        0x0806266b        0x0 linker stubs
 *(.glue_7t)
 .glue_7t       0x0806266b        0x0 linker stubs
 *(.eh_frame)
 *(.init)
 *(.fini)
                0x0806266c                . = ALIGN (0x4)
 *fill*         0x0806266b        0x1 
                0x0806266c                _etext = .

.vfp11_veneer   0x0806266c        0x0
 .vfp11_veneer  0x0806266c        0x0 linker stubs

.v4_bx          0x0806266c        0x0
 .v4_bx         0x0806266c        0x0 linker stubs

.iplt           0x0806266c        0x0
 .iplt          0x0806266c        0x0 output\REVOLT\startup_stm32f405xx.o

.rel.dyn        0x0806266c        0x0
 .rel.iplt      0x0806266c        0x0 output\REVOLT\startup_stm32f405xx.o

.ARM.extab
 *(.ARM.extab* .gnu.linkonce.armextab.*)

.ARM            0x0806266c        0x0
                0x0806266c                __exidx_start = .
 *(.ARM.exidx*)
                0x0806266c                __exidx_end = .

.preinit_array  0x0806266c        0x0
                [!provide]                PROVIDE (__preinit_array_start, .)
 *(.preinit_array*)
                [!provide]                PROVIDE (__preinit_array_end, .)

.init_array     0x0806266c        0x0
                [!provide]                PROVIDE (__init_array_start, .)
 *(SORT(.init_array.*))
 *(.init_array*)
                [!provide]                PROVIDE (__init_array_end, .)

.fini_array     0x0806266c        0x0
                [!provide]                PROVIDE (__fini_array_start, .)
 *(.fini_array*)
 *(SORT(.fini_array.*))
                [!provide]                PROVIDE (__fini_array_end, .)
                0x0806266c                _sidata = .

.istack         0x20000000        0x0
                0x20000000                . = ALIGN (0x4)
                0x20000000                _irq_stack_end = .
 *(.irqstack)
                0x20000000                _irq_stack_top = .

.data           0x20000000      0x700 load address 0x0806266c
                0x20000000                . = ALIGN (0x4)
                0x20000000                _sdata = .
 *(.data)
 .data          0x20000000       0x10 C:\Users\PRESTO~1\AppData\Local\Temp\cc3x6Wri.ltrans1.ltrans.o
                0x20000004                gyroCalibrationCycles
                0x20000008                julian
                0x2000000c                telemEnabled
 .data          0x20000010        0x4 C:\Users\PRESTO~1\AppData\Local\Temp\cc3x6Wri.ltrans2.ltrans.o
 .data          0x20000014      0x14c C:\Users\PRESTO~1\AppData\Local\Temp\cc3x6Wri.ltrans3.ltrans.o
 .data          0x20000160      0x214 C:\Users\PRESTO~1\AppData\Local\Temp\cc3x6Wri.ltrans4.ltrans.o
                0x20000160                packetTime.lto_priv.217
                0x20000168                activeMotorCounter
                0x2000016c                motorMixer
                0x2000026c                motorMixerT
                0x20000370                packetTimeInv.lto_priv.218
 .data          0x20000374       0x69 C:\Users\PRESTO~1\AppData\Local\Temp\cc3x6Wri.ltrans6.ltrans.o
 *fill*         0x200003dd        0x3 
 .data          0x200003e0        0x8 C:\Users\PRESTO~1\AppData\Local\Temp\cc3x6Wri.ltrans8.ltrans.o
 .data          0x200003e8       0x30 C:\Users\PRESTO~1\AppData\Local\Temp\cc3x6Wri.ltrans10.ltrans.o
                0x20000414                matrixFormed.lto_priv.274
 .data          0x20000418       0x69 C:\Users\PRESTO~1\AppData\Local\Temp\cc3x6Wri.ltrans12.ltrans.o
 *fill*         0x20000481        0x3 
 .data          0x20000484        0x8 C:\Users\PRESTO~1\AppData\Local\Temp\cc3x6Wri.ltrans16.ltrans.o
                0x20000484                updateInterval.lto_priv.250
 .data          0x2000048c        0x4 C:\Users\PRESTO~1\AppData\Local\Temp\cc3x6Wri.ltrans21.ltrans.o
                0x2000048c                ppmPin
 .data          0x20000490        0x4 C:\Users\PRESTO~1\AppData\Local\Temp\cc3x6Wri.ltrans23.ltrans.o
                0x20000490                skipGyro
 .data          0x20000494        0x4 C:\Users\PRESTO~1\AppData\Local\Temp\cc3x6Wri.ltrans25.ltrans.o
                0x20000494                veryFirstArm
 .data          0x20000498        0x4 C:\Users\PRESTO~1\AppData\Local\Temp\cc3x6Wri.ltrans28.ltrans.o
                0x20000498                SystemCoreClock
 .data          0x2000049c       0x90 C:\Users\PRESTO~1\AppData\Local\Temp\cc3x6Wri.ltrans31.ltrans.o
 *(.data*)
 .data.__global_locale
                0x2000052c      0x16c c:/dev/gcc-arm-none-eabi/bin/../lib/gcc/arm-none-eabi/6.3.1/../../../../arm-none-eabi/lib/thumb/v7e-m/fpv4-sp/hard\libc_nano.a(lib_a-locale.o)
                0x2000052c                __global_locale
 .data._impure_ptr
                0x20000698        0x4 c:/dev/gcc-arm-none-eabi/bin/../lib/gcc/arm-none-eabi/6.3.1/../../../../arm-none-eabi/lib/thumb/v7e-m/fpv4-sp/hard\libc_nano.a(lib_a-impure.o)
                0x20000698                _impure_ptr
 .data.impure_data
                0x2000069c       0x60 c:/dev/gcc-arm-none-eabi/bin/../lib/gcc/arm-none-eabi/6.3.1/../../../../arm-none-eabi/lib/thumb/v7e-m/fpv4-sp/hard\libc_nano.a(lib_a-impure.o)
 .data.__fdlib_version
                0x200006fc        0x1 c:/dev/gcc-arm-none-eabi/bin/../lib/gcc/arm-none-eabi/6.3.1/../../../../arm-none-eabi/lib/thumb/v7e-m/fpv4-sp/hard\libm.a(lib_a-s_lib_ver.o)
                0x200006fc                __fdlib_version
                0x20000700                . = ALIGN (0x4)
 *fill*         0x200006fd        0x3 
                0x20000700                _edata = .

.igot.plt       0x20000700        0x0 load address 0x08062d6c
 .igot.plt      0x20000700        0x0 output\REVOLT\startup_stm32f405xx.o
                0x20000700                . = ALIGN (0x4)

.bss            0x20000700    0x17a68 load address 0x08062d6c
                0x20000700                _sbss = .
                0x20000700                __bss_start__ = _sbss
 *(.bss)
 .bss           0x20000700      0x3a7 C:\Users\PRESTO~1\AppData\Local\Temp\cc3x6Wri.ltrans0.ltrans.o
 *fill*         0x20000aa7        0x1 
 .bss           0x20000aa8     0x2664 C:\Users\PRESTO~1\AppData\Local\Temp\cc3x6Wri.ltrans1.ltrans.o
                0x20000aa8                tOutBuffer
                0x20000ae8                rfCustomReplyBufferPointerSent
                0x20000af0                adcVoltage
                0x20000af4                adcMAh
                0x20000af8                adcCurrent
                0x20000afc                dshotCommandHandler
                0x20000b10                taskDshotActuators
                0x20000b14                taskIdleActuators
                0x20000b34                activeModes
                0x20000b38                errorMask
                0x20000b3c                deviceWhoAmI
                0x20000b40                failsafeHappend
                0x20000b44                armingStructure
                0x20000b70                configSize
                0x20000b74                rxDataRaw
                0x20000bb4                rxData
                0x20000bf4                trueRcCommandF
                0x20000c34                gyroSum.lto_priv.219
                0x20000c40                pitchAttitude
                0x20000c44                rollAttitude
                0x20000c48                yawAttitude
                0x20000c4c                filteredAccData
                0x20000c58                filteredGyroData
                0x20000c64                attitudeFrameQuat
                0x20000c74                progMode
                0x20000c78                vtxRecord
                0x20000c9c                vtxRequested
                0x20000cc8                taskDdsActuators
                0x20000ccc                geeForceAccArray
                0x20000cd8                usbStarted
                0x20000cdc                hUsbDeviceFS
                0x20000f00                learnedKiModel
                0x20000f18                logMe
                0x20000f1c                throttleLookupKp
                0x20001f1c                throttleLookup
                0x20002f1c                kiTrim
                0x20002f28                wizardStatus
                0x20002f38                bind
                0x20002f4c                spektrumTxBuffer
                0x20002f8c                uartHandles
 .bss           0x2000310c      0x248 C:\Users\PRESTO~1\AppData\Local\Temp\cc3x6Wri.ltrans2.ltrans.o
                0x2000327c                adcHandle
 .bss           0x20003354      0x138 C:\Users\PRESTO~1\AppData\Local\Temp\cc3x6Wri.ltrans3.ltrans.o
                0x20003358                adcInstance
                0x20003390                adcDmaBuffer
                0x20003478                safeLoopCounter
 .bss           0x2000348c     0x345c C:\Users\PRESTO~1\AppData\Local\Temp\cc3x6Wri.ltrans4.ltrans.o
                0x2000348c                ledStatus
                0x20003498                commandQuat
                0x200034a8                pafGyroStates
                0x20003514                lpfFilterState
                0x20003580                averagedGyroDataPointerMultiplier
                0x2000358c                averagedGyroData
                0x20003718                dpsGyroArray
                0x20003724                averagedGyroDataPointer
                0x20003730                loopSpeed
                0x20003764                usedGa
                0x20003774                smoothedRcCommandF
                0x200037b4                curvedRcCommandF
                0x200037f4                trueCurvedThrottle0_1
                0x200037fc                isRxDataNew
                0x2000382c                maxFlopRate
                0x20003838                maxKissRate
                0x20003850                timeSinceSelfLevelActivated
                0x20003854                slpUsed
                0x20003858                sliUsed
                0x2000385c                sldUsed
                0x20003880                fullKiLatched
                0x20003884                actuatorRange
                0x2000388c                uhOhRecover
                0x20003890                kdRingBufferPoint
                0x2000389c                kdRingBufferSum
                0x2000392c                kdBqFilterState
                0x20003998                flightPids
                0x200039bc                kdDelta
                0x200039d4                pidsUsed
                0x20003a64                kiErrorLimit
                0x20003a88                throttleVelocity
                0x20003a98                kdRingBuffer
                0x20004698                originalKd
                0x200046a4                PreArmFilterCheck
                0x200046ac                throttleLookupKd
                0x200056ac                throttleLookupKi
                0x200066b4                setModes
                0x200066b8                LoggingEnabled
                0x200066c4                flashCountdownFake
                0x200066c8                firstLogging
                0x200066cc                logItteration
                0x200066d0                logTime
                0x200066dc                bbValues
                0x20006764                logItterationCounter
                0x20006768                usedSkunk
                0x2000676c                lastFlightPids
                0x20006790                currFlightPids
                0x200067b4                lastFlightSetPoints
                0x200067c0                currFlightSetPoints
                0x200067cc                lastFilteredGyroData
                0x200067d8                currFilteredGyroData
                0x200067e4                currFilteredAccData
                0x200067f0                lastFilteredAccData
                0x200067fc                currMotorOutput
                0x2000680c                lastMotorOutput
                0x20006818                lastDpsGyroArray
                0x20006824                currRcCommandF
                0x20006834                rx_timeout
                0x20006838                armedTime
                0x2000683c                kiTrimCounter
                0x20006840                geeForceZ
                0x20006844                motorTrimCounter
                0x20006848                motorTrimHasHappened
                0x20006880                activeFailsafe
                0x20006884                buzzerStatus
                0x20006898                armedTimeSincePower
                0x2000689c                bootDirection
                0x200068a0                bootCycles
                0x200068a4                rebootAddress
                0x200068a8                rfblVersion
                0x200068ac                cfg1Version
                0x200068bc                geeForceZFilter
                0x200068e4                logStartMillis
 .bss           0x200068e8      0x152 C:\Users\PRESTO~1\AppData\Local\Temp\cc3x6Wri.ltrans6.ltrans.o
                0x200068ec                telemetry
                0x20006910                sensorData
                0x20006930                pidSpektrumTelem
 *fill*         0x20006a3a        0x2 
 .bss           0x20006a3c      0x206 C:\Users\PRESTO~1\AppData\Local\Temp\cc3x6Wri.ltrans7.ltrans.o
                0x20006a40                oneWireActive
 *fill*         0x20006c42        0x2 
 .bss           0x20006c44       0x96 C:\Users\PRESTO~1\AppData\Local\Temp\cc3x6Wri.ltrans8.ltrans.o
                0x20006cbc                sendSpektrumTelemtryAt
                0x20006cc4                sendCrsfTelemtryAt
                0x20006cd0                telemtryRxBuffer
 *fill*         0x20006cda        0x2 
 .bss           0x20006cdc       0x3c C:\Users\PRESTO~1\AppData\Local\Temp\cc3x6Wri.ltrans9.ltrans.o
                0x20006d10                dshotBeepState
 .bss           0x20006d18       0x69 C:\Users\PRESTO~1\AppData\Local\Temp\cc3x6Wri.ltrans10.ltrans.o
                0x20006d3c                trampIoBuffer.lto_priv.231
                0x20006d4c                trampInfo
 *fill*         0x20006d81        0x3 
 .bss           0x20006d84     0x2994 C:\Users\PRESTO~1\AppData\Local\Temp\cc3x6Wri.ltrans11.ltrans.o
                0x20006d84                callbackFunctionArray
                0x20006e18                timers
                0x20006e50                schedulerTimer
                0x20006e8c                softSerialRecord
                0x20006ebc                softSerialTimer
                0x20006ef8                sendingData
                0x20006efc                smartAudioTxRxBuffer
                0x20006f08                SKIP_GYRO
                0x20006f0c                softSerialRxTimerBufferIdx
                0x20006f10                millisClock.lto_priv.201
                0x20006f14                systemUsTicks
                0x20006f18                softSerialRxTimerBuffer
 .bss           0x20009718      0x244 C:\Users\PRESTO~1\AppData\Local\Temp\cc3x6Wri.ltrans12.ltrans.o
                0x20009918                USB_Rx_Buffer
 .bss           0x2000995c     0x5dec C:\Users\PRESTO~1\AppData\Local\Temp\cc3x6Wri.ltrans13.ltrans.o
                0x2000995c                txBuffer
                0x20009bb4                rxBuffer
                0x20009e0c                spiHandles
                0x2000a01c                maxOsdRecord
                0x2000a3f4                boardArmed
                0x2000a3f8                resetBoard
                0x2000a410                timeInBufferIdx
                0x2000a414                timeInBuffer
                0x2000cc14                softSerialStatus
                0x2000cca0                serialInBufferIdx
                0x2000cca4                serialInBuffer
                0x2000cda4                oneWireInBuffer
                0x2000cea8                flashInfo
                0x2000d2fc                persistance
                0x2000d3d8                rf_custom_out_buffer
                0x2000d418                rfCustomReplyBufferPointer
                0x2000d41c                rfCustomSendBuffer
 .bss           0x2000f748      0x2c4 C:\Users\PRESTO~1\AppData\Local\Temp\cc3x6Wri.ltrans14.ltrans.o
                0x2000f748                sbusActuator
                0x2000f7a8                noiseCounter
                0x2000f7ac                telemtryRxTimerBufferIdx
                0x2000f7b0                telemtryRxTimerBuffer
                0x2000f940                sPortTelemCount.lto_priv.234
                0x2000f944                charMatrix
                0x2000f9d4                programStatus
 .bss           0x2000fa0c       0x45 C:\Users\PRESTO~1\AppData\Local\Temp\cc3x6Wri.ltrans15.ltrans.o
 *fill*         0x2000fa51        0x3 
 .bss           0x2000fa54     0x111c C:\Users\PRESTO~1\AppData\Local\Temp\cc3x6Wri.ltrans16.ltrans.o
                0x2000fc18                rgbArray
                0x2000fcd8                redTemp
                0x2000fcd9                greenTemp
                0x2000fcda                blueTemp
                0x2000fcdc                escOneWireStatus
                0x20010b6c                oneWireHasRun
 .bss           0x20010b70        0x8 C:\Users\PRESTO~1\AppData\Local\Temp\cc3x6Wri.ltrans17.ltrans.o
 .bss           0x20010b78        0x4 C:\Users\PRESTO~1\AppData\Local\Temp\cc3x6Wri.ltrans18.ltrans.o
                0x20010b78                persistanceWrites
 .bss           0x20010b7c       0x64 C:\Users\PRESTO~1\AppData\Local\Temp\cc3x6Wri.ltrans19.ltrans.o
                0x20010b80                gyroVector
                0x20010b8c                accBodyVector
                0x20010b98                accWorldVector
                0x20010ba4                verticalVector
                0x20010bb0                errorWorldVector
                0x20010bbc                errorBodyVector
                0x20010bc8                gyroQuat
 .bss           0x20010be0      0x114 C:\Users\PRESTO~1\AppData\Local\Temp\cc3x6Wri.ltrans20.ltrans.o
                0x20010be0                oneWireOutBuffer
                0x20010ce4                oneWireInBufferIdx
                0x20010ce8                doingAutoA
                0x20010cec                averageVoltage
                0x20010cf0                lastTimeRun.16379.lto_priv.249
 .bss           0x20010cf4      0xa0a C:\Users\PRESTO~1\AppData\Local\Temp\cc3x6Wri.ltrans21.ltrans.o
                0x20010f08                serialRxBuffer
                0x20011088                usarts
                0x200110b8                dmaHandles
                0x200116b8                dmaStream
                0x200116f8                dmaRxBuffer
 *fill*         0x200116fe        0x2 
 .bss           0x20011700       0x14 C:\Users\PRESTO~1\AppData\Local\Temp\cc3x6Wri.ltrans22.ltrans.o
                0x20011704                luaOutPacketOne
                0x20011708                luaOutPacketTwo
                0x20011710                lastTimeSent
 .bss           0x20011714       0x70 C:\Users\PRESTO~1\AppData\Local\Temp\cc3x6Wri.ltrans23.ltrans.o
                0x20011714                gyroRxFrame.lto_priv.246
                0x2001173c                accelUpdate.lto_priv.245
                0x2001174c                gyroInterrupting
                0x20011750                gyroLoopCounter.16317.lto_priv.243
                0x20011754                gyroConfig
                0x2001175c                gyroTxFrame.lto_priv.244
                0x2001176c                spiInstance
 .bss           0x20011784       0x6c C:\Users\PRESTO~1\AppData\Local\Temp\cc3x6Wri.ltrans24.ltrans.o
                0x2001178c                ws2812LedRecord
 .bss           0x200117f0      0x2d4 C:\Users\PRESTO~1\AppData\Local\Temp\cc3x6Wri.ltrans25.ltrans.o
                0x200117f0                throttleIsSafe
                0x200117f4                rxUpdateCount
                0x200117fc                rxCalibrationRecords.lto_priv.271
                0x20011a48                latchFirstArm
                0x20011a4c                turnOnVtxNow
                0x20011a54                armBoardAt
                0x20011a5c                ppmBufferIdx
                0x20011a60                ppmBuffer
 .bss           0x20011ac4      0x1e4 C:\Users\PRESTO~1\AppData\Local\Temp\cc3x6Wri.ltrans26.ltrans.o
 .bss           0x20011ca8     0x5f6c C:\Users\PRESTO~1\AppData\Local\Temp\cc3x6Wri.ltrans27.ltrans.o
                0x20011ca8                longMotorOutputBuffer
                0x20013418                tempBuffer
                0x200139f4                motorOutputBuffer
                0x20014cb4                normalPulseWidth
                0x20014cf8                alonePulseWidth
                0x20014d3c                endPulseWidth
                0x20014d80                loPulseWidth
                0x20014dc4                pwmTimers
                0x20015184                quopaState
                0x20015188                mainConfig
                0x20015ea8                board
                0x20017be8                ports
 .bss           0x20017c14      0x3dc C:\Users\PRESTO~1\AppData\Local\Temp\cc3x6Wri.ltrans28.ltrans.o
                0x20017c14                hpcd_USB_OTG_FS
                0x20017fcc                pFlash
                0x20017fec                uwTick
 .bss           0x20017ff0      0x168 C:\Users\PRESTO~1\AppData\Local\Temp\cc3x6Wri.ltrans29.ltrans.o
                0x20017ff0                activeProfile
                0x20017ff4                motorOutput
                0x20018014                previousMotorOutput
                0x20018034                usedEscProtocol
                0x20018038                calibrateMotors
                0x2001803c                ccr
                0x2001811c                calibratePulseValue
                0x20018120                calibrateWalledPulseValue
                0x20018124                disarmPulseValue3d
                0x20018128                disarmPulseValue
                0x2001812c                pulseValueRange
                0x20018130                idlePulseValue
                0x20018134                threeDeeMode
                0x20018138                servoOutput
 *(.bss*)
 .bss.__malloc_free_list